nohup: ignoring input
==============================================================================
EXPANDED VANET PARALLEL BATCH
==============================================================================
Workers                 : 2
Existing locked runs    : 2700
New completed instances : 1072 / 2340
Instances this launch   : 1268
Same-seed retries       : 3
==============================================================================
[PASS] INST_1973 | 100 nodes | 30 km/h | 15 flows | 5 pps | seed 3 | 1073/2340
[PASS] INST_1974 | 100 nodes | 30 km/h | 15 flows | 5 pps | seed 4 | 1074/2340
[PASS] INST_1975 | 100 nodes | 30 km/h | 15 flows | 5 pps | seed 5 | 1075/2340
[PASS] INST_1976 | 100 nodes | 30 km/h | 15 flows | 6 pps | seed 1 | 1076/2340
[PASS] INST_1977 | 100 nodes | 30 km/h | 15 flows | 6 pps | seed 2 | 1077/2340
[PASS] INST_1978 | 100 nodes | 30 km/h | 15 flows | 6 pps | seed 3 | 1078/2340
[PASS] INST_1979 | 100 nodes | 30 km/h | 15 flows | 6 pps | seed 4 | 1079/2340
[PASS] INST_1980 | 100 nodes | 30 km/h | 15 flows | 6 pps | seed 5 | 1080/2340
[PASS] INST_1981 | 100 nodes | 30 km/h | 18 flows | 2 pps | seed 1 | 1081/2340
[PASS] INST_1982 | 100 nodes | 30 km/h | 18 flows | 2 pps | seed 2 | 1082/2340
[PASS] INST_1983 | 100 nodes | 30 km/h | 18 flows | 2 pps | seed 3 | 1083/2340
[PASS] INST_1984 | 100 nodes | 30 km/h | 18 flows | 2 pps | seed 4 | 1084/2340
[PASS] INST_1985 | 100 nodes | 30 km/h | 18 flows | 2 pps | seed 5 | 1085/2340
[PASS] INST_1986 | 100 nodes | 30 km/h | 18 flows | 3 pps | seed 1 | 1086/2340
[PASS] INST_1987 | 100 nodes | 30 km/h | 18 flows | 3 pps | seed 2 | 1087/2340
[PASS] INST_1988 | 100 nodes | 30 km/h | 18 flows | 3 pps | seed 3 | 1088/2340
[PASS] INST_1989 | 100 nodes | 30 km/h | 18 flows | 3 pps | seed 4 | 1089/2340
[PASS] INST_1990 | 100 nodes | 30 km/h | 18 flows | 3 pps | seed 5 | 1090/2340
[PASS] INST_1991 | 100 nodes | 30 km/h | 18 flows | 4 pps | seed 1 | 1091/2340
[PASS] INST_1992 | 100 nodes | 30 km/h | 18 flows | 4 pps | seed 2 | 1092/2340
[PASS] INST_1993 | 100 nodes | 30 km/h | 18 flows | 4 pps | seed 3 | 1093/2340
[PASS] INST_1994 | 100 nodes | 30 km/h | 18 flows | 4 pps | seed 4 | 1094/2340
[PASS] INST_1995 | 100 nodes | 30 km/h | 18 flows | 4 pps | seed 5 | 1095/2340
[PASS] INST_1996 | 100 nodes | 30 km/h | 18 flows | 5 pps | seed 1 | 1096/2340
[PASS] INST_1997 | 100 nodes | 30 km/h | 18 flows | 5 pps | seed 2 | 1097/2340
[PASS] INST_1998 | 100 nodes | 30 km/h | 18 flows | 5 pps | seed 3 | 1098/2340
[PASS] INST_1999 | 100 nodes | 30 km/h | 18 flows | 5 pps | seed 4 | 1099/2340
[PASS] INST_2000 | 100 nodes | 30 km/h | 18 flows | 5 pps | seed 5 | 1100/2340
[PASS] INST_2001 | 100 nodes | 30 km/h | 18 flows | 6 pps | seed 1 | 1101/2340
[PASS] INST_2002 | 100 nodes | 30 km/h | 18 flows | 6 pps | seed 2 | 1102/2340
[PASS] INST_2003 | 100 nodes | 30 km/h | 18 flows | 6 pps | seed 3 | 1103/2340
[PASS] INST_2004 | 100 nodes | 30 km/h | 18 flows | 6 pps | seed 4 | 1104/2340
[PASS] INST_2005 | 100 nodes | 30 km/h | 18 flows | 6 pps | seed 5 | 1105/2340
[PASS] INST_2006 | 100 nodes | 30 km/h | 18 flows | 8 pps | seed 1 | 1106/2340
[PASS] INST_2007 | 100 nodes | 30 km/h | 18 flows | 8 pps | seed 2 | 1107/2340
[PASS] INST_2008 | 100 nodes | 30 km/h | 18 flows | 8 pps | seed 3 | 1108/2340
[PASS] INST_2009 | 100 nodes | 30 km/h | 18 flows | 8 pps | seed 4 | 1109/2340
[PASS] INST_2010 | 100 nodes | 30 km/h | 18 flows | 8 pps | seed 5 | 1110/2340
[PASS] INST_2011 | 100 nodes | 30 km/h | 20 flows | 3 pps | seed 1 | 1111/2340
[PASS] INST_2012 | 100 nodes | 30 km/h | 20 flows | 3 pps | seed 2 | 1112/2340
[PASS] INST_2013 | 100 nodes | 30 km/h | 20 flows | 3 pps | seed 3 | 1113/2340
[PASS] INST_2014 | 100 nodes | 30 km/h | 20 flows | 3 pps | seed 4 | 1114/2340
[PASS] INST_2015 | 100 nodes | 30 km/h | 20 flows | 3 pps | seed 5 | 1115/2340
[PASS] INST_2016 | 100 nodes | 30 km/h | 20 flows | 5 pps | seed 1 | 1116/2340
[PASS] INST_2017 | 100 nodes | 30 km/h | 20 flows | 5 pps | seed 2 | 1117/2340
[PASS] INST_2018 | 100 nodes | 30 km/h | 20 flows | 5 pps | seed 3 | 1118/2340
[PASS] INST_2019 | 100 nodes | 30 km/h | 20 flows | 5 pps | seed 4 | 1119/2340
[PASS] INST_2020 | 100 nodes | 30 km/h | 20 flows | 5 pps | seed 5 | 1120/2340
[PASS] INST_2021 | 100 nodes | 30 km/h | 20 flows | 6 pps | seed 1 | 1121/2340
[PASS] INST_2022 | 100 nodes | 30 km/h | 20 flows | 6 pps | seed 2 | 1122/2340
[PASS] INST_2023 | 100 nodes | 30 km/h | 20 flows | 6 pps | seed 3 | 1123/2340
[PASS] INST_2024 | 100 nodes | 30 km/h | 20 flows | 6 pps | seed 4 | 1124/2340
[PASS] INST_2025 | 100 nodes | 30 km/h | 20 flows | 6 pps | seed 5 | 1125/2340
[PASS] INST_2026 | 100 nodes | 30 km/h | 22 flows | 2 pps | seed 1 | 1126/2340
[PASS] INST_2027 | 100 nodes | 30 km/h | 22 flows | 2 pps | seed 2 | 1127/2340
[PASS] INST_2028 | 100 nodes | 30 km/h | 22 flows | 2 pps | seed 3 | 1128/2340
[PASS] INST_2029 | 100 nodes | 30 km/h | 22 flows | 2 pps | seed 4 | 1129/2340
[PASS] INST_2030 | 100 nodes | 30 km/h | 22 flows | 2 pps | seed 5 | 1130/2340
[PASS] INST_2031 | 100 nodes | 30 km/h | 22 flows | 3 pps | seed 1 | 1131/2340
[PASS] INST_2032 | 100 nodes | 30 km/h | 22 flows | 3 pps | seed 2 | 1132/2340
[PASS] INST_2033 | 100 nodes | 30 km/h | 22 flows | 3 pps | seed 3 | 1133/2340
[PASS] INST_2034 | 100 nodes | 30 km/h | 22 flows | 3 pps | seed 4 | 1134/2340
[PASS] INST_2035 | 100 nodes | 30 km/h | 22 flows | 3 pps | seed 5 | 1135/2340
[PASS] INST_2036 | 100 nodes | 30 km/h | 22 flows | 4 pps | seed 1 | 1136/2340
[PASS] INST_2037 | 100 nodes | 30 km/h | 22 flows | 4 pps | seed 2 | 1137/2340
[PASS] INST_2038 | 100 nodes | 30 km/h | 22 flows | 4 pps | seed 3 | 1138/2340
[PASS] INST_2039 | 100 nodes | 30 km/h | 22 flows | 4 pps | seed 4 | 1139/2340
[PASS] INST_2040 | 100 nodes | 30 km/h | 22 flows | 4 pps | seed 5 | 1140/2340
[PASS] INST_2041 | 100 nodes | 30 km/h | 22 flows | 5 pps | seed 1 | 1141/2340
[PASS] INST_2042 | 100 nodes | 30 km/h | 22 flows | 5 pps | seed 2 | 1142/2340
[PASS] INST_2043 | 100 nodes | 30 km/h | 22 flows | 5 pps | seed 3 | 1143/2340
[PASS] INST_2044 | 100 nodes | 30 km/h | 22 flows | 5 pps | seed 4 | 1144/2340
[PASS] INST_2045 | 100 nodes | 30 km/h | 22 flows | 5 pps | seed 5 | 1145/2340
[PASS] INST_2046 | 100 nodes | 30 km/h | 22 flows | 6 pps | seed 1 | 1146/2340
[PASS] INST_2047 | 100 nodes | 30 km/h | 22 flows | 6 pps | seed 2 | 1147/2340
[PASS] INST_2048 | 100 nodes | 30 km/h | 22 flows | 6 pps | seed 3 | 1148/2340
[PASS] INST_2049 | 100 nodes | 30 km/h | 22 flows | 6 pps | seed 4 | 1149/2340
[PASS] INST_2050 | 100 nodes | 30 km/h | 22 flows | 6 pps | seed 5 | 1150/2340
[PASS] INST_2051 | 100 nodes | 30 km/h | 22 flows | 8 pps | seed 1 | 1151/2340
[PASS] INST_2052 | 100 nodes | 30 km/h | 22 flows | 8 pps | seed 2 | 1152/2340
[PASS] INST_2053 | 100 nodes | 30 km/h | 22 flows | 8 pps | seed 3 | 1153/2340
[PASS] INST_2054 | 100 nodes | 30 km/h | 22 flows | 8 pps | seed 4 | 1154/2340
[PASS] INST_2055 | 100 nodes | 30 km/h | 22 flows | 8 pps | seed 5 | 1155/2340
[PASS] INST_2056 | 100 nodes | 30 km/h | 25 flows | 3 pps | seed 1 | 1156/2340
[PASS] INST_2057 | 100 nodes | 30 km/h | 25 flows | 3 pps | seed 2 | 1157/2340
[PASS] INST_2058 | 100 nodes | 30 km/h | 25 flows | 3 pps | seed 3 | 1158/2340
[PASS] INST_2059 | 100 nodes | 30 km/h | 25 flows | 3 pps | seed 4 | 1159/2340
[PASS] INST_2060 | 100 nodes | 30 km/h | 25 flows | 3 pps | seed 5 | 1160/2340
[PASS] INST_2061 | 100 nodes | 30 km/h | 25 flows | 5 pps | seed 1 | 1161/2340
[PASS] INST_2062 | 100 nodes | 30 km/h | 25 flows | 5 pps | seed 2 | 1162/2340
[PASS] INST_2063 | 100 nodes | 30 km/h | 25 flows | 5 pps | seed 3 | 1163/2340
[PASS] INST_2064 | 100 nodes | 30 km/h | 25 flows | 5 pps | seed 4 | 1164/2340
[PASS] INST_2065 | 100 nodes | 30 km/h | 25 flows | 5 pps | seed 5 | 1165/2340
[PASS] INST_2066 | 100 nodes | 30 km/h | 25 flows | 6 pps | seed 1 | 1166/2340
[PASS] INST_2067 | 100 nodes | 30 km/h | 25 flows | 6 pps | seed 2 | 1167/2340
[PASS] INST_2068 | 100 nodes | 30 km/h | 25 flows | 6 pps | seed 3 | 1168/2340
[PASS] INST_2069 | 100 nodes | 30 km/h | 25 flows | 6 pps | seed 4 | 1169/2340
[PASS] INST_2071 | 100 nodes | 40 km/h | 5 flows | 3 pps | seed 1 | 1170/2340
[PASS] INST_2070 | 100 nodes | 30 km/h | 25 flows | 6 pps | seed 5 | 1171/2340
[PASS] INST_2072 | 100 nodes | 40 km/h | 5 flows | 3 pps | seed 2 | 1172/2340
[PASS] INST_2073 | 100 nodes | 40 km/h | 5 flows | 3 pps | seed 3 | 1173/2340
[PASS] INST_2074 | 100 nodes | 40 km/h | 5 flows | 3 pps | seed 4 | 1174/2340
[PASS] INST_2075 | 100 nodes | 40 km/h | 5 flows | 3 pps | seed 5 | 1175/2340
[PASS] INST_2076 | 100 nodes | 40 km/h | 5 flows | 5 pps | seed 1 | 1176/2340
[PASS] INST_2077 | 100 nodes | 40 km/h | 5 flows | 5 pps | seed 2 | 1177/2340
[PASS] INST_2079 | 100 nodes | 40 km/h | 5 flows | 5 pps | seed 4 | 1178/2340
[PASS] INST_2078 | 100 nodes | 40 km/h | 5 flows | 5 pps | seed 3 | 1179/2340
[PASS] INST_2080 | 100 nodes | 40 km/h | 5 flows | 5 pps | seed 5 | 1180/2340
[PASS] INST_2081 | 100 nodes | 40 km/h | 5 flows | 6 pps | seed 1 | 1181/2340
[PASS] INST_2082 | 100 nodes | 40 km/h | 5 flows | 6 pps | seed 2 | 1182/2340
[PASS] INST_2083 | 100 nodes | 40 km/h | 5 flows | 6 pps | seed 3 | 1183/2340
[PASS] INST_2084 | 100 nodes | 40 km/h | 5 flows | 6 pps | seed 4 | 1184/2340
[PASS] INST_2085 | 100 nodes | 40 km/h | 5 flows | 6 pps | seed 5 | 1185/2340
[PASS] INST_2086 | 100 nodes | 40 km/h | 7 flows | 2 pps | seed 1 | 1186/2340
[PASS] INST_2087 | 100 nodes | 40 km/h | 7 flows | 2 pps | seed 2 | 1187/2340
[PASS] INST_2088 | 100 nodes | 40 km/h | 7 flows | 2 pps | seed 3 | 1188/2340
[PASS] INST_2089 | 100 nodes | 40 km/h | 7 flows | 2 pps | seed 4 | 1189/2340
[PASS] INST_2090 | 100 nodes | 40 km/h | 7 flows | 2 pps | seed 5 | 1190/2340
[PASS] INST_2091 | 100 nodes | 40 km/h | 7 flows | 3 pps | seed 1 | 1191/2340
[PASS] INST_2092 | 100 nodes | 40 km/h | 7 flows | 3 pps | seed 2 | 1192/2340
[PASS] INST_2093 | 100 nodes | 40 km/h | 7 flows | 3 pps | seed 3 | 1193/2340
[PASS] INST_2094 | 100 nodes | 40 km/h | 7 flows | 3 pps | seed 4 | 1194/2340
[PASS] INST_2095 | 100 nodes | 40 km/h | 7 flows | 3 pps | seed 5 | 1195/2340
[PASS] INST_2096 | 100 nodes | 40 km/h | 7 flows | 4 pps | seed 1 | 1196/2340
[PASS] INST_2097 | 100 nodes | 40 km/h | 7 flows | 4 pps | seed 2 | 1197/2340
[PASS] INST_2098 | 100 nodes | 40 km/h | 7 flows | 4 pps | seed 3 | 1198/2340
[PASS] INST_2099 | 100 nodes | 40 km/h | 7 flows | 4 pps | seed 4 | 1199/2340
[PASS] INST_2100 | 100 nodes | 40 km/h | 7 flows | 4 pps | seed 5 | 1200/2340
[PASS] INST_2101 | 100 nodes | 40 km/h | 7 flows | 5 pps | seed 1 | 1201/2340
[PASS] INST_2102 | 100 nodes | 40 km/h | 7 flows | 5 pps | seed 2 | 1202/2340
[PASS] INST_2103 | 100 nodes | 40 km/h | 7 flows | 5 pps | seed 3 | 1203/2340
[PASS] INST_2104 | 100 nodes | 40 km/h | 7 flows | 5 pps | seed 4 | 1204/2340
[PASS] INST_2105 | 100 nodes | 40 km/h | 7 flows | 5 pps | seed 5 | 1205/2340
[PASS] INST_2106 | 100 nodes | 40 km/h | 7 flows | 6 pps | seed 1 | 1206/2340
[PASS] INST_2107 | 100 nodes | 40 km/h | 7 flows | 6 pps | seed 2 | 1207/2340
[PASS] INST_2108 | 100 nodes | 40 km/h | 7 flows | 6 pps | seed 3 | 1208/2340
[PASS] INST_2109 | 100 nodes | 40 km/h | 7 flows | 6 pps | seed 4 | 1209/2340
[PASS] INST_2110 | 100 nodes | 40 km/h | 7 flows | 6 pps | seed 5 | 1210/2340
[PASS] INST_2111 | 100 nodes | 40 km/h | 7 flows | 8 pps | seed 1 | 1211/2340
[PASS] INST_2112 | 100 nodes | 40 km/h | 7 flows | 8 pps | seed 2 | 1212/2340
[PASS] INST_2113 | 100 nodes | 40 km/h | 7 flows | 8 pps | seed 3 | 1213/2340
[PASS] INST_2114 | 100 nodes | 40 km/h | 7 flows | 8 pps | seed 4 | 1214/2340
[PASS] INST_2116 | 100 nodes | 40 km/h | 10 flows | 3 pps | seed 1 | 1215/2340
[PASS] INST_2115 | 100 nodes | 40 km/h | 7 flows | 8 pps | seed 5 | 1216/2340
[PASS] INST_2117 | 100 nodes | 40 km/h | 10 flows | 3 pps | seed 2 | 1217/2340
[PASS] INST_2118 | 100 nodes | 40 km/h | 10 flows | 3 pps | seed 3 | 1218/2340
[PASS] INST_2119 | 100 nodes | 40 km/h | 10 flows | 3 pps | seed 4 | 1219/2340
[PASS] INST_2120 | 100 nodes | 40 km/h | 10 flows | 3 pps | seed 5 | 1220/2340
[PASS] INST_2122 | 100 nodes | 40 km/h | 10 flows | 5 pps | seed 2 | 1221/2340
[PASS] INST_2121 | 100 nodes | 40 km/h | 10 flows | 5 pps | seed 1 | 1222/2340
[PASS] INST_2124 | 100 nodes | 40 km/h | 10 flows | 5 pps | seed 4 | 1223/2340
[PASS] INST_2123 | 100 nodes | 40 km/h | 10 flows | 5 pps | seed 3 | 1224/2340
[PASS] INST_2125 | 100 nodes | 40 km/h | 10 flows | 5 pps | seed 5 | 1225/2340
[PASS] INST_2126 | 100 nodes | 40 km/h | 10 flows | 6 pps | seed 1 | 1226/2340
[PASS] INST_2127 | 100 nodes | 40 km/h | 10 flows | 6 pps | seed 2 | 1227/2340
[PASS] INST_2128 | 100 nodes | 40 km/h | 10 flows | 6 pps | seed 3 | 1228/2340
[PASS] INST_2129 | 100 nodes | 40 km/h | 10 flows | 6 pps | seed 4 | 1229/2340
[PASS] INST_2130 | 100 nodes | 40 km/h | 10 flows | 6 pps | seed 5 | 1230/2340
[PASS] INST_2131 | 100 nodes | 40 km/h | 12 flows | 2 pps | seed 1 | 1231/2340
[PASS] INST_2132 | 100 nodes | 40 km/h | 12 flows | 2 pps | seed 2 | 1232/2340
[PASS] INST_2133 | 100 nodes | 40 km/h | 12 flows | 2 pps | seed 3 | 1233/2340
[PASS] INST_2134 | 100 nodes | 40 km/h | 12 flows | 2 pps | seed 4 | 1234/2340
[PASS] INST_2135 | 100 nodes | 40 km/h | 12 flows | 2 pps | seed 5 | 1235/2340
[PASS] INST_2136 | 100 nodes | 40 km/h | 12 flows | 3 pps | seed 1 | 1236/2340
[PASS] INST_2137 | 100 nodes | 40 km/h | 12 flows | 3 pps | seed 2 | 1237/2340
[PASS] INST_2138 | 100 nodes | 40 km/h | 12 flows | 3 pps | seed 3 | 1238/2340
[PASS] INST_2139 | 100 nodes | 40 km/h | 12 flows | 3 pps | seed 4 | 1239/2340
[PASS] INST_2140 | 100 nodes | 40 km/h | 12 flows | 3 pps | seed 5 | 1240/2340
[PASS] INST_2141 | 100 nodes | 40 km/h | 12 flows | 4 pps | seed 1 | 1241/2340
[PASS] INST_2142 | 100 nodes | 40 km/h | 12 flows | 4 pps | seed 2 | 1242/2340
[PASS] INST_2143 | 100 nodes | 40 km/h | 12 flows | 4 pps | seed 3 | 1243/2340
[PASS] INST_2144 | 100 nodes | 40 km/h | 12 flows | 4 pps | seed 4 | 1244/2340
[PASS] INST_2145 | 100 nodes | 40 km/h | 12 flows | 4 pps | seed 5 | 1245/2340
[PASS] INST_2146 | 100 nodes | 40 km/h | 12 flows | 5 pps | seed 1 | 1246/2340
[PASS] INST_2147 | 100 nodes | 40 km/h | 12 flows | 5 pps | seed 2 | 1247/2340
[PASS] INST_2148 | 100 nodes | 40 km/h | 12 flows | 5 pps | seed 3 | 1248/2340
[PASS] INST_2149 | 100 nodes | 40 km/h | 12 flows | 5 pps | seed 4 | 1249/2340
[PASS] INST_2150 | 100 nodes | 40 km/h | 12 flows | 5 pps | seed 5 | 1250/2340
[PASS] INST_2151 | 100 nodes | 40 km/h | 12 flows | 6 pps | seed 1 | 1251/2340
[PASS] INST_2152 | 100 nodes | 40 km/h | 12 flows | 6 pps | seed 2 | 1252/2340
[PASS] INST_2153 | 100 nodes | 40 km/h | 12 flows | 6 pps | seed 3 | 1253/2340
[PASS] INST_2154 | 100 nodes | 40 km/h | 12 flows | 6 pps | seed 4 | 1254/2340
[PASS] INST_2155 | 100 nodes | 40 km/h | 12 flows | 6 pps | seed 5 | 1255/2340
[PASS] INST_2156 | 100 nodes | 40 km/h | 12 flows | 8 pps | seed 1 | 1256/2340
[PASS] INST_2157 | 100 nodes | 40 km/h | 12 flows | 8 pps | seed 2 | 1257/2340
[PASS] INST_2158 | 100 nodes | 40 km/h | 12 flows | 8 pps | seed 3 | 1258/2340
[PASS] INST_2159 | 100 nodes | 40 km/h | 12 flows | 8 pps | seed 4 | 1259/2340
[PASS] INST_2160 | 100 nodes | 40 km/h | 12 flows | 8 pps | seed 5 | 1260/2340
[PASS] INST_2161 | 100 nodes | 40 km/h | 15 flows | 3 pps | seed 1 | 1261/2340
[PASS] INST_2162 | 100 nodes | 40 km/h | 15 flows | 3 pps | seed 2 | 1262/2340
[PASS] INST_2163 | 100 nodes | 40 km/h | 15 flows | 3 pps | seed 3 | 1263/2340
[PASS] INST_2165 | 100 nodes | 40 km/h | 15 flows | 3 pps | seed 5 | 1264/2340
[PASS] INST_2164 | 100 nodes | 40 km/h | 15 flows | 3 pps | seed 4 | 1265/2340
[PASS] INST_2167 | 100 nodes | 40 km/h | 15 flows | 5 pps | seed 2 | 1266/2340
[PASS] INST_2166 | 100 nodes | 40 km/h | 15 flows | 5 pps | seed 1 | 1267/2340
[PASS] INST_2168 | 100 nodes | 40 km/h | 15 flows | 5 pps | seed 3 | 1268/2340
[PASS] INST_2169 | 100 nodes | 40 km/h | 15 flows | 5 pps | seed 4 | 1269/2340
[PASS] INST_2170 | 100 nodes | 40 km/h | 15 flows | 5 pps | seed 5 | 1270/2340
[PASS] INST_2171 | 100 nodes | 40 km/h | 15 flows | 6 pps | seed 1 | 1271/2340
[PASS] INST_2172 | 100 nodes | 40 km/h | 15 flows | 6 pps | seed 2 | 1272/2340
[PASS] INST_2173 | 100 nodes | 40 km/h | 15 flows | 6 pps | seed 3 | 1273/2340
[PASS] INST_2174 | 100 nodes | 40 km/h | 15 flows | 6 pps | seed 4 | 1274/2340
[PASS] INST_2175 | 100 nodes | 40 km/h | 15 flows | 6 pps | seed 5 | 1275/2340
[PASS] INST_2176 | 100 nodes | 40 km/h | 18 flows | 2 pps | seed 1 | 1276/2340
[PASS] INST_2177 | 100 nodes | 40 km/h | 18 flows | 2 pps | seed 2 | 1277/2340
[PASS] INST_2178 | 100 nodes | 40 km/h | 18 flows | 2 pps | seed 3 | 1278/2340
[PASS] INST_2179 | 100 nodes | 40 km/h | 18 flows | 2 pps | seed 4 | 1279/2340
[PASS] INST_2180 | 100 nodes | 40 km/h | 18 flows | 2 pps | seed 5 | 1280/2340
[PASS] INST_2181 | 100 nodes | 40 km/h | 18 flows | 3 pps | seed 1 | 1281/2340
[PASS] INST_2182 | 100 nodes | 40 km/h | 18 flows | 3 pps | seed 2 | 1282/2340
[PASS] INST_2183 | 100 nodes | 40 km/h | 18 flows | 3 pps | seed 3 | 1283/2340
[PASS] INST_2184 | 100 nodes | 40 km/h | 18 flows | 3 pps | seed 4 | 1284/2340
[PASS] INST_2185 | 100 nodes | 40 km/h | 18 flows | 3 pps | seed 5 | 1285/2340
[PASS] INST_2186 | 100 nodes | 40 km/h | 18 flows | 4 pps | seed 1 | 1286/2340
[PASS] INST_2187 | 100 nodes | 40 km/h | 18 flows | 4 pps | seed 2 | 1287/2340
[PASS] INST_2188 | 100 nodes | 40 km/h | 18 flows | 4 pps | seed 3 | 1288/2340
[PASS] INST_2189 | 100 nodes | 40 km/h | 18 flows | 4 pps | seed 4 | 1289/2340
[PASS] INST_2190 | 100 nodes | 40 km/h | 18 flows | 4 pps | seed 5 | 1290/2340
[PASS] INST_2191 | 100 nodes | 40 km/h | 18 flows | 5 pps | seed 1 | 1291/2340
[PASS] INST_2192 | 100 nodes | 40 km/h | 18 flows | 5 pps | seed 2 | 1292/2340
[PASS] INST_2193 | 100 nodes | 40 km/h | 18 flows | 5 pps | seed 3 | 1293/2340
[PASS] INST_2194 | 100 nodes | 40 km/h | 18 flows | 5 pps | seed 4 | 1294/2340
[PASS] INST_2195 | 100 nodes | 40 km/h | 18 flows | 5 pps | seed 5 | 1295/2340
[PASS] INST_2196 | 100 nodes | 40 km/h | 18 flows | 6 pps | seed 1 | 1296/2340
[PASS] INST_2197 | 100 nodes | 40 km/h | 18 flows | 6 pps | seed 2 | 1297/2340
[PASS] INST_2198 | 100 nodes | 40 km/h | 18 flows | 6 pps | seed 3 | 1298/2340
[PASS] INST_2199 | 100 nodes | 40 km/h | 18 flows | 6 pps | seed 4 | 1299/2340
[PASS] INST_2200 | 100 nodes | 40 km/h | 18 flows | 6 pps | seed 5 | 1300/2340
[PASS] INST_2201 | 100 nodes | 40 km/h | 18 flows | 8 pps | seed 1 | 1301/2340
[PASS] INST_2202 | 100 nodes | 40 km/h | 18 flows | 8 pps | seed 2 | 1302/2340
[PASS] INST_2203 | 100 nodes | 40 km/h | 18 flows | 8 pps | seed 3 | 1303/2340
[PASS] INST_2204 | 100 nodes | 40 km/h | 18 flows | 8 pps | seed 4 | 1304/2340
[PASS] INST_2205 | 100 nodes | 40 km/h | 18 flows | 8 pps | seed 5 | 1305/2340
[PASS] INST_2206 | 100 nodes | 40 km/h | 20 flows | 3 pps | seed 1 | 1306/2340
[PASS] INST_2207 | 100 nodes | 40 km/h | 20 flows | 3 pps | seed 2 | 1307/2340
[PASS] INST_2208 | 100 nodes | 40 km/h | 20 flows | 3 pps | seed 3 | 1308/2340
[PASS] INST_2209 | 100 nodes | 40 km/h | 20 flows | 3 pps | seed 4 | 1309/2340
[PASS] INST_2210 | 100 nodes | 40 km/h | 20 flows | 3 pps | seed 5 | 1310/2340
[PASS] INST_2211 | 100 nodes | 40 km/h | 20 flows | 5 pps | seed 1 | 1311/2340
[PASS] INST_2212 | 100 nodes | 40 km/h | 20 flows | 5 pps | seed 2 | 1312/2340
[PASS] INST_2213 | 100 nodes | 40 km/h | 20 flows | 5 pps | seed 3 | 1313/2340
[PASS] INST_2214 | 100 nodes | 40 km/h | 20 flows | 5 pps | seed 4 | 1314/2340
[PASS] INST_2215 | 100 nodes | 40 km/h | 20 flows | 5 pps | seed 5 | 1315/2340
[PASS] INST_2216 | 100 nodes | 40 km/h | 20 flows | 6 pps | seed 1 | 1316/2340
[PASS] INST_2217 | 100 nodes | 40 km/h | 20 flows | 6 pps | seed 2 | 1317/2340
[PASS] INST_2218 | 100 nodes | 40 km/h | 20 flows | 6 pps | seed 3 | 1318/2340
[PASS] INST_2219 | 100 nodes | 40 km/h | 20 flows | 6 pps | seed 4 | 1319/2340
[PASS] INST_2220 | 100 nodes | 40 km/h | 20 flows | 6 pps | seed 5 | 1320/2340
[PASS] INST_2221 | 100 nodes | 40 km/h | 22 flows | 2 pps | seed 1 | 1321/2340
[PASS] INST_2222 | 100 nodes | 40 km/h | 22 flows | 2 pps | seed 2 | 1322/2340
[PASS] INST_2223 | 100 nodes | 40 km/h | 22 flows | 2 pps | seed 3 | 1323/2340
[PASS] INST_2224 | 100 nodes | 40 km/h | 22 flows | 2 pps | seed 4 | 1324/2340
[PASS] INST_2225 | 100 nodes | 40 km/h | 22 flows | 2 pps | seed 5 | 1325/2340
[PASS] INST_2227 | 100 nodes | 40 km/h | 22 flows | 3 pps | seed 2 | 1326/2340
[PASS] INST_2226 | 100 nodes | 40 km/h | 22 flows | 3 pps | seed 1 | 1327/2340
[PASS] INST_2228 | 100 nodes | 40 km/h | 22 flows | 3 pps | seed 3 | 1328/2340
[PASS] INST_2229 | 100 nodes | 40 km/h | 22 flows | 3 pps | seed 4 | 1329/2340
[PASS] INST_2230 | 100 nodes | 40 km/h | 22 flows | 3 pps | seed 5 | 1330/2340
[PASS] INST_2231 | 100 nodes | 40 km/h | 22 flows | 4 pps | seed 1 | 1331/2340
[PASS] INST_2232 | 100 nodes | 40 km/h | 22 flows | 4 pps | seed 2 | 1332/2340
[PASS] INST_2233 | 100 nodes | 40 km/h | 22 flows | 4 pps | seed 3 | 1333/2340
[PASS] INST_2234 | 100 nodes | 40 km/h | 22 flows | 4 pps | seed 4 | 1334/2340
[PASS] INST_2235 | 100 nodes | 40 km/h | 22 flows | 4 pps | seed 5 | 1335/2340
[PASS] INST_2236 | 100 nodes | 40 km/h | 22 flows | 5 pps | seed 1 | 1336/2340
[PASS] INST_2237 | 100 nodes | 40 km/h | 22 flows | 5 pps | seed 2 | 1337/2340
[PASS] INST_2238 | 100 nodes | 40 km/h | 22 flows | 5 pps | seed 3 | 1338/2340
[PASS] INST_2239 | 100 nodes | 40 km/h | 22 flows | 5 pps | seed 4 | 1339/2340
[PASS] INST_2240 | 100 nodes | 40 km/h | 22 flows | 5 pps | seed 5 | 1340/2340
[PASS] INST_2241 | 100 nodes | 40 km/h | 22 flows | 6 pps | seed 1 | 1341/2340
[PASS] INST_2242 | 100 nodes | 40 km/h | 22 flows | 6 pps | seed 2 | 1342/2340
[PASS] INST_2243 | 100 nodes | 40 km/h | 22 flows | 6 pps | seed 3 | 1343/2340
[PASS] INST_2244 | 100 nodes | 40 km/h | 22 flows | 6 pps | seed 4 | 1344/2340
[PASS] INST_2245 | 100 nodes | 40 km/h | 22 flows | 6 pps | seed 5 | 1345/2340
[PASS] INST_2246 | 100 nodes | 40 km/h | 22 flows | 8 pps | seed 1 | 1346/2340
[PASS] INST_2247 | 100 nodes | 40 km/h | 22 flows | 8 pps | seed 2 | 1347/2340
[PASS] INST_2248 | 100 nodes | 40 km/h | 22 flows | 8 pps | seed 3 | 1348/2340
[PASS] INST_2249 | 100 nodes | 40 km/h | 22 flows | 8 pps | seed 4 | 1349/2340
[PASS] INST_2250 | 100 nodes | 40 km/h | 22 flows | 8 pps | seed 5 | 1350/2340
[PASS] INST_2251 | 100 nodes | 40 km/h | 25 flows | 3 pps | seed 1 | 1351/2340
[PASS] INST_2252 | 100 nodes | 40 km/h | 25 flows | 3 pps | seed 2 | 1352/2340
[PASS] INST_2253 | 100 nodes | 40 km/h | 25 flows | 3 pps | seed 3 | 1353/2340
[PASS] INST_2254 | 100 nodes | 40 km/h | 25 flows | 3 pps | seed 4 | 1354/2340
[PASS] INST_2255 | 100 nodes | 40 km/h | 25 flows | 3 pps | seed 5 | 1355/2340
[PASS] INST_2256 | 100 nodes | 40 km/h | 25 flows | 5 pps | seed 1 | 1356/2340
[PASS] INST_2257 | 100 nodes | 40 km/h | 25 flows | 5 pps | seed 2 | 1357/2340
[PASS] INST_2258 | 100 nodes | 40 km/h | 25 flows | 5 pps | seed 3 | 1358/2340
[PASS] INST_2259 | 100 nodes | 40 km/h | 25 flows | 5 pps | seed 4 | 1359/2340
[PASS] INST_2260 | 100 nodes | 40 km/h | 25 flows | 5 pps | seed 5 | 1360/2340
[PASS] INST_2261 | 100 nodes | 40 km/h | 25 flows | 6 pps | seed 1 | 1361/2340
[PASS] INST_2262 | 100 nodes | 40 km/h | 25 flows | 6 pps | seed 2 | 1362/2340
[PASS] INST_2263 | 100 nodes | 40 km/h | 25 flows | 6 pps | seed 3 | 1363/2340
[PASS] INST_2264 | 100 nodes | 40 km/h | 25 flows | 6 pps | seed 4 | 1364/2340
[PASS] INST_2265 | 100 nodes | 40 km/h | 25 flows | 6 pps | seed 5 | 1365/2340
[PASS] INST_2266 | 100 nodes | 50 km/h | 5 flows | 3 pps | seed 1 | 1366/2340
[PASS] INST_2267 | 100 nodes | 50 km/h | 5 flows | 3 pps | seed 2 | 1367/2340
[PASS] INST_2268 | 100 nodes | 50 km/h | 5 flows | 3 pps | seed 3 | 1368/2340
[PASS] INST_2269 | 100 nodes | 50 km/h | 5 flows | 3 pps | seed 4 | 1369/2340
[PASS] INST_2270 | 100 nodes | 50 km/h | 5 flows | 3 pps | seed 5 | 1370/2340
[PASS] INST_2271 | 100 nodes | 50 km/h | 5 flows | 5 pps | seed 1 | 1371/2340
[PASS] INST_2272 | 100 nodes | 50 km/h | 5 flows | 5 pps | seed 2 | 1372/2340
[PASS] INST_2273 | 100 nodes | 50 km/h | 5 flows | 5 pps | seed 3 | 1373/2340
[PASS] INST_2274 | 100 nodes | 50 km/h | 5 flows | 5 pps | seed 4 | 1374/2340
[PASS] INST_2275 | 100 nodes | 50 km/h | 5 flows | 5 pps | seed 5 | 1375/2340
[PASS] INST_2276 | 100 nodes | 50 km/h | 5 flows | 6 pps | seed 1 | 1376/2340
[PASS] INST_2277 | 100 nodes | 50 km/h | 5 flows | 6 pps | seed 2 | 1377/2340
[PASS] INST_2278 | 100 nodes | 50 km/h | 5 flows | 6 pps | seed 3 | 1378/2340
[PASS] INST_2279 | 100 nodes | 50 km/h | 5 flows | 6 pps | seed 4 | 1379/2340
[PASS] INST_2280 | 100 nodes | 50 km/h | 5 flows | 6 pps | seed 5 | 1380/2340
[PASS] INST_2281 | 100 nodes | 50 km/h | 7 flows | 2 pps | seed 1 | 1381/2340
[PASS] INST_2282 | 100 nodes | 50 km/h | 7 flows | 2 pps | seed 2 | 1382/2340
[PASS] INST_2283 | 100 nodes | 50 km/h | 7 flows | 2 pps | seed 3 | 1383/2340
[PASS] INST_2284 | 100 nodes | 50 km/h | 7 flows | 2 pps | seed 4 | 1384/2340
[PASS] INST_2285 | 100 nodes | 50 km/h | 7 flows | 2 pps | seed 5 | 1385/2340
[PASS] INST_2286 | 100 nodes | 50 km/h | 7 flows | 3 pps | seed 1 | 1386/2340
[PASS] INST_2287 | 100 nodes | 50 km/h | 7 flows | 3 pps | seed 2 | 1387/2340
[PASS] INST_2288 | 100 nodes | 50 km/h | 7 flows | 3 pps | seed 3 | 1388/2340
[PASS] INST_2289 | 100 nodes | 50 km/h | 7 flows | 3 pps | seed 4 | 1389/2340
[PASS] INST_2290 | 100 nodes | 50 km/h | 7 flows | 3 pps | seed 5 | 1390/2340
[PASS] INST_2291 | 100 nodes | 50 km/h | 7 flows | 4 pps | seed 1 | 1391/2340
[PASS] INST_2292 | 100 nodes | 50 km/h | 7 flows | 4 pps | seed 2 | 1392/2340
[PASS] INST_2293 | 100 nodes | 50 km/h | 7 flows | 4 pps | seed 3 | 1393/2340
[PASS] INST_2294 | 100 nodes | 50 km/h | 7 flows | 4 pps | seed 4 | 1394/2340
[PASS] INST_2295 | 100 nodes | 50 km/h | 7 flows | 4 pps | seed 5 | 1395/2340
[PASS] INST_2296 | 100 nodes | 50 km/h | 7 flows | 5 pps | seed 1 | 1396/2340
[PASS] INST_2297 | 100 nodes | 50 km/h | 7 flows | 5 pps | seed 2 | 1397/2340
[PASS] INST_2298 | 100 nodes | 50 km/h | 7 flows | 5 pps | seed 3 | 1398/2340
[PASS] INST_2299 | 100 nodes | 50 km/h | 7 flows | 5 pps | seed 4 | 1399/2340
[PASS] INST_2300 | 100 nodes | 50 km/h | 7 flows | 5 pps | seed 5 | 1400/2340
[PASS] INST_2301 | 100 nodes | 50 km/h | 7 flows | 6 pps | seed 1 | 1401/2340
[PASS] INST_2302 | 100 nodes | 50 km/h | 7 flows | 6 pps | seed 2 | 1402/2340
[PASS] INST_2303 | 100 nodes | 50 km/h | 7 flows | 6 pps | seed 3 | 1403/2340
[PASS] INST_2304 | 100 nodes | 50 km/h | 7 flows | 6 pps | seed 4 | 1404/2340
[PASS] INST_2305 | 100 nodes | 50 km/h | 7 flows | 6 pps | seed 5 | 1405/2340
[PASS] INST_2306 | 100 nodes | 50 km/h | 7 flows | 8 pps | seed 1 | 1406/2340
[PASS] INST_2307 | 100 nodes | 50 km/h | 7 flows | 8 pps | seed 2 | 1407/2340
[PASS] INST_2308 | 100 nodes | 50 km/h | 7 flows | 8 pps | seed 3 | 1408/2340
[PASS] INST_2309 | 100 nodes | 50 km/h | 7 flows | 8 pps | seed 4 | 1409/2340
[PASS] INST_2311 | 100 nodes | 50 km/h | 10 flows | 3 pps | seed 1 | 1410/2340
[PASS] INST_2310 | 100 nodes | 50 km/h | 7 flows | 8 pps | seed 5 | 1411/2340
[PASS] INST_2312 | 100 nodes | 50 km/h | 10 flows | 3 pps | seed 2 | 1412/2340
[PASS] INST_2313 | 100 nodes | 50 km/h | 10 flows | 3 pps | seed 3 | 1413/2340
[PASS] INST_2314 | 100 nodes | 50 km/h | 10 flows | 3 pps | seed 4 | 1414/2340
[PASS] INST_2315 | 100 nodes | 50 km/h | 10 flows | 3 pps | seed 5 | 1415/2340
[PASS] INST_2316 | 100 nodes | 50 km/h | 10 flows | 5 pps | seed 1 | 1416/2340
[PASS] INST_2317 | 100 nodes | 50 km/h | 10 flows | 5 pps | seed 2 | 1417/2340
[PASS] INST_2318 | 100 nodes | 50 km/h | 10 flows | 5 pps | seed 3 | 1418/2340
[PASS] INST_2319 | 100 nodes | 50 km/h | 10 flows | 5 pps | seed 4 | 1419/2340
[PASS] INST_2320 | 100 nodes | 50 km/h | 10 flows | 5 pps | seed 5 | 1420/2340
[PASS] INST_2321 | 100 nodes | 50 km/h | 10 flows | 6 pps | seed 1 | 1421/2340
[PASS] INST_2322 | 100 nodes | 50 km/h | 10 flows | 6 pps | seed 2 | 1422/2340
[PASS] INST_2323 | 100 nodes | 50 km/h | 10 flows | 6 pps | seed 3 | 1423/2340
[PASS] INST_2324 | 100 nodes | 50 km/h | 10 flows | 6 pps | seed 4 | 1424/2340
[PASS] INST_2325 | 100 nodes | 50 km/h | 10 flows | 6 pps | seed 5 | 1425/2340
[PASS] INST_2326 | 100 nodes | 50 km/h | 12 flows | 2 pps | seed 1 | 1426/2340
[PASS] INST_2327 | 100 nodes | 50 km/h | 12 flows | 2 pps | seed 2 | 1427/2340
[PASS] INST_2328 | 100 nodes | 50 km/h | 12 flows | 2 pps | seed 3 | 1428/2340
[PASS] INST_2329 | 100 nodes | 50 km/h | 12 flows | 2 pps | seed 4 | 1429/2340
[PASS] INST_2330 | 100 nodes | 50 km/h | 12 flows | 2 pps | seed 5 | 1430/2340
[PASS] INST_2331 | 100 nodes | 50 km/h | 12 flows | 3 pps | seed 1 | 1431/2340
[PASS] INST_2332 | 100 nodes | 50 km/h | 12 flows | 3 pps | seed 2 | 1432/2340
[PASS] INST_2333 | 100 nodes | 50 km/h | 12 flows | 3 pps | seed 3 | 1433/2340
[PASS] INST_2334 | 100 nodes | 50 km/h | 12 flows | 3 pps | seed 4 | 1434/2340
[PASS] INST_2335 | 100 nodes | 50 km/h | 12 flows | 3 pps | seed 5 | 1435/2340
[PASS] INST_2336 | 100 nodes | 50 km/h | 12 flows | 4 pps | seed 1 | 1436/2340
[PASS] INST_2337 | 100 nodes | 50 km/h | 12 flows | 4 pps | seed 2 | 1437/2340
[PASS] INST_2338 | 100 nodes | 50 km/h | 12 flows | 4 pps | seed 3 | 1438/2340
[PASS] INST_2339 | 100 nodes | 50 km/h | 12 flows | 4 pps | seed 4 | 1439/2340
[PASS] INST_2340 | 100 nodes | 50 km/h | 12 flows | 4 pps | seed 5 | 1440/2340
[PASS] INST_2341 | 100 nodes | 50 km/h | 12 flows | 5 pps | seed 1 | 1441/2340
[PASS] INST_2342 | 100 nodes | 50 km/h | 12 flows | 5 pps | seed 2 | 1442/2340
[PASS] INST_2343 | 100 nodes | 50 km/h | 12 flows | 5 pps | seed 3 | 1443/2340
[PASS] INST_2344 | 100 nodes | 50 km/h | 12 flows | 5 pps | seed 4 | 1444/2340
[PASS] INST_2345 | 100 nodes | 50 km/h | 12 flows | 5 pps | seed 5 | 1445/2340
[PASS] INST_2346 | 100 nodes | 50 km/h | 12 flows | 6 pps | seed 1 | 1446/2340
[PASS] INST_2347 | 100 nodes | 50 km/h | 12 flows | 6 pps | seed 2 | 1447/2340
[PASS] INST_2348 | 100 nodes | 50 km/h | 12 flows | 6 pps | seed 3 | 1448/2340
[PASS] INST_2349 | 100 nodes | 50 km/h | 12 flows | 6 pps | seed 4 | 1449/2340
[PASS] INST_2350 | 100 nodes | 50 km/h | 12 flows | 6 pps | seed 5 | 1450/2340
[PASS] INST_2351 | 100 nodes | 50 km/h | 12 flows | 8 pps | seed 1 | 1451/2340
[PASS] INST_2352 | 100 nodes | 50 km/h | 12 flows | 8 pps | seed 2 | 1452/2340
[PASS] INST_2353 | 100 nodes | 50 km/h | 12 flows | 8 pps | seed 3 | 1453/2340
[PASS] INST_2354 | 100 nodes | 50 km/h | 12 flows | 8 pps | seed 4 | 1454/2340
[PASS] INST_2356 | 100 nodes | 50 km/h | 15 flows | 3 pps | seed 1 | 1455/2340
[PASS] INST_2355 | 100 nodes | 50 km/h | 12 flows | 8 pps | seed 5 | 1456/2340
[PASS] INST_2357 | 100 nodes | 50 km/h | 15 flows | 3 pps | seed 2 | 1457/2340
[PASS] INST_2358 | 100 nodes | 50 km/h | 15 flows | 3 pps | seed 3 | 1458/2340
[PASS] INST_2359 | 100 nodes | 50 km/h | 15 flows | 3 pps | seed 4 | 1459/2340
[PASS] INST_2360 | 100 nodes | 50 km/h | 15 flows | 3 pps | seed 5 | 1460/2340
[PASS] INST_2361 | 100 nodes | 50 km/h | 15 flows | 5 pps | seed 1 | 1461/2340
[PASS] INST_2362 | 100 nodes | 50 km/h | 15 flows | 5 pps | seed 2 | 1462/2340
[PASS] INST_2363 | 100 nodes | 50 km/h | 15 flows | 5 pps | seed 3 | 1463/2340
[PASS] INST_2364 | 100 nodes | 50 km/h | 15 flows | 5 pps | seed 4 | 1464/2340
[PASS] INST_2365 | 100 nodes | 50 km/h | 15 flows | 5 pps | seed 5 | 1465/2340
[PASS] INST_2366 | 100 nodes | 50 km/h | 15 flows | 6 pps | seed 1 | 1466/2340
[PASS] INST_2367 | 100 nodes | 50 km/h | 15 flows | 6 pps | seed 2 | 1467/2340
[PASS] INST_2368 | 100 nodes | 50 km/h | 15 flows | 6 pps | seed 3 | 1468/2340
[PASS] INST_2369 | 100 nodes | 50 km/h | 15 flows | 6 pps | seed 4 | 1469/2340
[PASS] INST_2370 | 100 nodes | 50 km/h | 15 flows | 6 pps | seed 5 | 1470/2340
[PASS] INST_2371 | 100 nodes | 50 km/h | 18 flows | 2 pps | seed 1 | 1471/2340
[PASS] INST_2372 | 100 nodes | 50 km/h | 18 flows | 2 pps | seed 2 | 1472/2340
[PASS] INST_2373 | 100 nodes | 50 km/h | 18 flows | 2 pps | seed 3 | 1473/2340
[PASS] INST_2374 | 100 nodes | 50 km/h | 18 flows | 2 pps | seed 4 | 1474/2340
[PASS] INST_2375 | 100 nodes | 50 km/h | 18 flows | 2 pps | seed 5 | 1475/2340
[PASS] INST_2376 | 100 nodes | 50 km/h | 18 flows | 3 pps | seed 1 | 1476/2340
[PASS] INST_2377 | 100 nodes | 50 km/h | 18 flows | 3 pps | seed 2 | 1477/2340
[PASS] INST_2378 | 100 nodes | 50 km/h | 18 flows | 3 pps | seed 3 | 1478/2340
[PASS] INST_2379 | 100 nodes | 50 km/h | 18 flows | 3 pps | seed 4 | 1479/2340
[PASS] INST_2380 | 100 nodes | 50 km/h | 18 flows | 3 pps | seed 5 | 1480/2340
[PASS] INST_2381 | 100 nodes | 50 km/h | 18 flows | 4 pps | seed 1 | 1481/2340
[PASS] INST_2382 | 100 nodes | 50 km/h | 18 flows | 4 pps | seed 2 | 1482/2340
[PASS] INST_2383 | 100 nodes | 50 km/h | 18 flows | 4 pps | seed 3 | 1483/2340
[PASS] INST_2384 | 100 nodes | 50 km/h | 18 flows | 4 pps | seed 4 | 1484/2340
[PASS] INST_2385 | 100 nodes | 50 km/h | 18 flows | 4 pps | seed 5 | 1485/2340
[PASS] INST_2386 | 100 nodes | 50 km/h | 18 flows | 5 pps | seed 1 | 1486/2340
[PASS] INST_2387 | 100 nodes | 50 km/h | 18 flows | 5 pps | seed 2 | 1487/2340
[PASS] INST_2388 | 100 nodes | 50 km/h | 18 flows | 5 pps | seed 3 | 1488/2340
[PASS] INST_2389 | 100 nodes | 50 km/h | 18 flows | 5 pps | seed 4 | 1489/2340
[PASS] INST_2390 | 100 nodes | 50 km/h | 18 flows | 5 pps | seed 5 | 1490/2340
[PASS] INST_2391 | 100 nodes | 50 km/h | 18 flows | 6 pps | seed 1 | 1491/2340
[PASS] INST_2392 | 100 nodes | 50 km/h | 18 flows | 6 pps | seed 2 | 1492/2340
[PASS] INST_2393 | 100 nodes | 50 km/h | 18 flows | 6 pps | seed 3 | 1493/2340
[PASS] INST_2394 | 100 nodes | 50 km/h | 18 flows | 6 pps | seed 4 | 1494/2340
[PASS] INST_2395 | 100 nodes | 50 km/h | 18 flows | 6 pps | seed 5 | 1495/2340
[PASS] INST_2396 | 100 nodes | 50 km/h | 18 flows | 8 pps | seed 1 | 1496/2340
[PASS] INST_2397 | 100 nodes | 50 km/h | 18 flows | 8 pps | seed 2 | 1497/2340
[PASS] INST_2398 | 100 nodes | 50 km/h | 18 flows | 8 pps | seed 3 | 1498/2340
[PASS] INST_2399 | 100 nodes | 50 km/h | 18 flows | 8 pps | seed 4 | 1499/2340
[PASS] INST_2400 | 100 nodes | 50 km/h | 18 flows | 8 pps | seed 5 | 1500/2340
[PASS] INST_2401 | 100 nodes | 50 km/h | 20 flows | 3 pps | seed 1 | 1501/2340
[PASS] INST_2402 | 100 nodes | 50 km/h | 20 flows | 3 pps | seed 2 | 1502/2340
[PASS] INST_2403 | 100 nodes | 50 km/h | 20 flows | 3 pps | seed 3 | 1503/2340
[PASS] INST_2404 | 100 nodes | 50 km/h | 20 flows | 3 pps | seed 4 | 1504/2340
[PASS] INST_2405 | 100 nodes | 50 km/h | 20 flows | 3 pps | seed 5 | 1505/2340
[PASS] INST_2406 | 100 nodes | 50 km/h | 20 flows | 5 pps | seed 1 | 1506/2340
[PASS] INST_2407 | 100 nodes | 50 km/h | 20 flows | 5 pps | seed 2 | 1507/2340
[PASS] INST_2408 | 100 nodes | 50 km/h | 20 flows | 5 pps | seed 3 | 1508/2340
[PASS] INST_2409 | 100 nodes | 50 km/h | 20 flows | 5 pps | seed 4 | 1509/2340
[PASS] INST_2410 | 100 nodes | 50 km/h | 20 flows | 5 pps | seed 5 | 1510/2340
[PASS] INST_2411 | 100 nodes | 50 km/h | 20 flows | 6 pps | seed 1 | 1511/2340
[PASS] INST_2412 | 100 nodes | 50 km/h | 20 flows | 6 pps | seed 2 | 1512/2340
[PASS] INST_2413 | 100 nodes | 50 km/h | 20 flows | 6 pps | seed 3 | 1513/2340
[PASS] INST_2414 | 100 nodes | 50 km/h | 20 flows | 6 pps | seed 4 | 1514/2340
[PASS] INST_2415 | 100 nodes | 50 km/h | 20 flows | 6 pps | seed 5 | 1515/2340
[PASS] INST_2416 | 100 nodes | 50 km/h | 22 flows | 2 pps | seed 1 | 1516/2340
[PASS] INST_2417 | 100 nodes | 50 km/h | 22 flows | 2 pps | seed 2 | 1517/2340
[PASS] INST_2418 | 100 nodes | 50 km/h | 22 flows | 2 pps | seed 3 | 1518/2340
[PASS] INST_2419 | 100 nodes | 50 km/h | 22 flows | 2 pps | seed 4 | 1519/2340
[PASS] INST_2420 | 100 nodes | 50 km/h | 22 flows | 2 pps | seed 5 | 1520/2340
[PASS] INST_2421 | 100 nodes | 50 km/h | 22 flows | 3 pps | seed 1 | 1521/2340
[PASS] INST_2422 | 100 nodes | 50 km/h | 22 flows | 3 pps | seed 2 | 1522/2340
[PASS] INST_2423 | 100 nodes | 50 km/h | 22 flows | 3 pps | seed 3 | 1523/2340
[PASS] INST_2424 | 100 nodes | 50 km/h | 22 flows | 3 pps | seed 4 | 1524/2340
[PASS] INST_2425 | 100 nodes | 50 km/h | 22 flows | 3 pps | seed 5 | 1525/2340
[PASS] INST_2426 | 100 nodes | 50 km/h | 22 flows | 4 pps | seed 1 | 1526/2340
[PASS] INST_2427 | 100 nodes | 50 km/h | 22 flows | 4 pps | seed 2 | 1527/2340
[PASS] INST_2428 | 100 nodes | 50 km/h | 22 flows | 4 pps | seed 3 | 1528/2340
[PASS] INST_2429 | 100 nodes | 50 km/h | 22 flows | 4 pps | seed 4 | 1529/2340
[PASS] INST_2430 | 100 nodes | 50 km/h | 22 flows | 4 pps | seed 5 | 1530/2340
[PASS] INST_2431 | 100 nodes | 50 km/h | 22 flows | 5 pps | seed 1 | 1531/2340
[PASS] INST_2432 | 100 nodes | 50 km/h | 22 flows | 5 pps | seed 2 | 1532/2340
[PASS] INST_2433 | 100 nodes | 50 km/h | 22 flows | 5 pps | seed 3 | 1533/2340
[PASS] INST_2434 | 100 nodes | 50 km/h | 22 flows | 5 pps | seed 4 | 1534/2340
[PASS] INST_2435 | 100 nodes | 50 km/h | 22 flows | 5 pps | seed 5 | 1535/2340
[PASS] INST_2436 | 100 nodes | 50 km/h | 22 flows | 6 pps | seed 1 | 1536/2340
[PASS] INST_2437 | 100 nodes | 50 km/h | 22 flows | 6 pps | seed 2 | 1537/2340
[PASS] INST_2438 | 100 nodes | 50 km/h | 22 flows | 6 pps | seed 3 | 1538/2340
[PASS] INST_2439 | 100 nodes | 50 km/h | 22 flows | 6 pps | seed 4 | 1539/2340
[PASS] INST_2440 | 100 nodes | 50 km/h | 22 flows | 6 pps | seed 5 | 1540/2340
[PASS] INST_2441 | 100 nodes | 50 km/h | 22 flows | 8 pps | seed 1 | 1541/2340
[PASS] INST_2442 | 100 nodes | 50 km/h | 22 flows | 8 pps | seed 2 | 1542/2340
[PASS] INST_2443 | 100 nodes | 50 km/h | 22 flows | 8 pps | seed 3 | 1543/2340
[PASS] INST_2444 | 100 nodes | 50 km/h | 22 flows | 8 pps | seed 4 | 1544/2340
[PASS] INST_2445 | 100 nodes | 50 km/h | 22 flows | 8 pps | seed 5 | 1545/2340
[PASS] INST_2446 | 100 nodes | 50 km/h | 25 flows | 3 pps | seed 1 | 1546/2340
[PASS] INST_2447 | 100 nodes | 50 km/h | 25 flows | 3 pps | seed 2 | 1547/2340
[PASS] INST_2448 | 100 nodes | 50 km/h | 25 flows | 3 pps | seed 3 | 1548/2340
[PASS] INST_2449 | 100 nodes | 50 km/h | 25 flows | 3 pps | seed 4 | 1549/2340
[PASS] INST_2450 | 100 nodes | 50 km/h | 25 flows | 3 pps | seed 5 | 1550/2340
[PASS] INST_2451 | 100 nodes | 50 km/h | 25 flows | 5 pps | seed 1 | 1551/2340
[PASS] INST_2452 | 100 nodes | 50 km/h | 25 flows | 5 pps | seed 2 | 1552/2340
[PASS] INST_2453 | 100 nodes | 50 km/h | 25 flows | 5 pps | seed 3 | 1553/2340
[PASS] INST_2454 | 100 nodes | 50 km/h | 25 flows | 5 pps | seed 4 | 1554/2340
[PASS] INST_2455 | 100 nodes | 50 km/h | 25 flows | 5 pps | seed 5 | 1555/2340
[PASS] INST_2456 | 100 nodes | 50 km/h | 25 flows | 6 pps | seed 1 | 1556/2340
[PASS] INST_2457 | 100 nodes | 50 km/h | 25 flows | 6 pps | seed 2 | 1557/2340
[PASS] INST_2458 | 100 nodes | 50 km/h | 25 flows | 6 pps | seed 3 | 1558/2340
[PASS] INST_2459 | 100 nodes | 50 km/h | 25 flows | 6 pps | seed 4 | 1559/2340
[PASS] INST_2460 | 100 nodes | 50 km/h | 25 flows | 6 pps | seed 5 | 1560/2340
[PASS] INST_2461 | 150 nodes | 20 km/h | 5 flows | 3 pps | seed 1 | 1561/2340
[PASS] INST_2462 | 150 nodes | 20 km/h | 5 flows | 3 pps | seed 2 | 1562/2340
[PASS] INST_2463 | 150 nodes | 20 km/h | 5 flows | 3 pps | seed 3 | 1563/2340
[PASS] INST_2464 | 150 nodes | 20 km/h | 5 flows | 3 pps | seed 4 | 1564/2340
[PASS] INST_2465 | 150 nodes | 20 km/h | 5 flows | 3 pps | seed 5 | 1565/2340
[PASS] INST_2466 | 150 nodes | 20 km/h | 5 flows | 5 pps | seed 1 | 1566/2340
[PASS] INST_2467 | 150 nodes | 20 km/h | 5 flows | 5 pps | seed 2 | 1567/2340
[PASS] INST_2468 | 150 nodes | 20 km/h | 5 flows | 5 pps | seed 3 | 1568/2340
[PASS] INST_2469 | 150 nodes | 20 km/h | 5 flows | 5 pps | seed 4 | 1569/2340
[PASS] INST_2470 | 150 nodes | 20 km/h | 5 flows | 5 pps | seed 5 | 1570/2340
[PASS] INST_2471 | 150 nodes | 20 km/h | 5 flows | 6 pps | seed 1 | 1571/2340
[PASS] INST_2472 | 150 nodes | 20 km/h | 5 flows | 6 pps | seed 2 | 1572/2340
[PASS] INST_2473 | 150 nodes | 20 km/h | 5 flows | 6 pps | seed 3 | 1573/2340
[PASS] INST_2474 | 150 nodes | 20 km/h | 5 flows | 6 pps | seed 4 | 1574/2340
[PASS] INST_2475 | 150 nodes | 20 km/h | 5 flows | 6 pps | seed 5 | 1575/2340
[PASS] INST_2476 | 150 nodes | 20 km/h | 7 flows | 2 pps | seed 1 | 1576/2340
[PASS] INST_2477 | 150 nodes | 20 km/h | 7 flows | 2 pps | seed 2 | 1577/2340
[PASS] INST_2478 | 150 nodes | 20 km/h | 7 flows | 2 pps | seed 3 | 1578/2340
[PASS] INST_2480 | 150 nodes | 20 km/h | 7 flows | 2 pps | seed 5 | 1579/2340
[PASS] INST_2479 | 150 nodes | 20 km/h | 7 flows | 2 pps | seed 4 | 1580/2340
[PASS] INST_2481 | 150 nodes | 20 km/h | 7 flows | 3 pps | seed 1 | 1581/2340
[PASS] INST_2482 | 150 nodes | 20 km/h | 7 flows | 3 pps | seed 2 | 1582/2340
[PASS] INST_2483 | 150 nodes | 20 km/h | 7 flows | 3 pps | seed 3 | 1583/2340
[PASS] INST_2484 | 150 nodes | 20 km/h | 7 flows | 3 pps | seed 4 | 1584/2340
[PASS] INST_2485 | 150 nodes | 20 km/h | 7 flows | 3 pps | seed 5 | 1585/2340
[PASS] INST_2486 | 150 nodes | 20 km/h | 7 flows | 4 pps | seed 1 | 1586/2340
[PASS] INST_2487 | 150 nodes | 20 km/h | 7 flows | 4 pps | seed 2 | 1587/2340
[PASS] INST_2488 | 150 nodes | 20 km/h | 7 flows | 4 pps | seed 3 | 1588/2340
[PASS] INST_2489 | 150 nodes | 20 km/h | 7 flows | 4 pps | seed 4 | 1589/2340
[PASS] INST_2490 | 150 nodes | 20 km/h | 7 flows | 4 pps | seed 5 | 1590/2340
[PASS] INST_2491 | 150 nodes | 20 km/h | 7 flows | 5 pps | seed 1 | 1591/2340
[PASS] INST_2492 | 150 nodes | 20 km/h | 7 flows | 5 pps | seed 2 | 1592/2340
[PASS] INST_2493 | 150 nodes | 20 km/h | 7 flows | 5 pps | seed 3 | 1593/2340
[PASS] INST_2494 | 150 nodes | 20 km/h | 7 flows | 5 pps | seed 4 | 1594/2340
[PASS] INST_2495 | 150 nodes | 20 km/h | 7 flows | 5 pps | seed 5 | 1595/2340
[PASS] INST_2496 | 150 nodes | 20 km/h | 7 flows | 6 pps | seed 1 | 1596/2340
[PASS] INST_2497 | 150 nodes | 20 km/h | 7 flows | 6 pps | seed 2 | 1597/2340
[PASS] INST_2498 | 150 nodes | 20 km/h | 7 flows | 6 pps | seed 3 | 1598/2340
[PASS] INST_2500 | 150 nodes | 20 km/h | 7 flows | 6 pps | seed 5 | 1599/2340
[PASS] INST_2499 | 150 nodes | 20 km/h | 7 flows | 6 pps | seed 4 | 1600/2340
[PASS] INST_2502 | 150 nodes | 20 km/h | 7 flows | 8 pps | seed 2 | 1601/2340
[PASS] INST_2501 | 150 nodes | 20 km/h | 7 flows | 8 pps | seed 1 | 1602/2340
[PASS] INST_2503 | 150 nodes | 20 km/h | 7 flows | 8 pps | seed 3 | 1603/2340
[PASS] INST_2504 | 150 nodes | 20 km/h | 7 flows | 8 pps | seed 4 | 1604/2340
[PASS] INST_2506 | 150 nodes | 20 km/h | 10 flows | 3 pps | seed 1 | 1605/2340
[PASS] INST_2505 | 150 nodes | 20 km/h | 7 flows | 8 pps | seed 5 | 1606/2340
[PASS] INST_2507 | 150 nodes | 20 km/h | 10 flows | 3 pps | seed 2 | 1607/2340
[PASS] INST_2508 | 150 nodes | 20 km/h | 10 flows | 3 pps | seed 3 | 1608/2340
[PASS] INST_2509 | 150 nodes | 20 km/h | 10 flows | 3 pps | seed 4 | 1609/2340
[PASS] INST_2510 | 150 nodes | 20 km/h | 10 flows | 3 pps | seed 5 | 1610/2340
[PASS] INST_2511 | 150 nodes | 20 km/h | 10 flows | 5 pps | seed 1 | 1611/2340
[PASS] INST_2512 | 150 nodes | 20 km/h | 10 flows | 5 pps | seed 2 | 1612/2340
[PASS] INST_2513 | 150 nodes | 20 km/h | 10 flows | 5 pps | seed 3 | 1613/2340
[PASS] INST_2514 | 150 nodes | 20 km/h | 10 flows | 5 pps | seed 4 | 1614/2340
[PASS] INST_2515 | 150 nodes | 20 km/h | 10 flows | 5 pps | seed 5 | 1615/2340
[PASS] INST_2516 | 150 nodes | 20 km/h | 10 flows | 6 pps | seed 1 | 1616/2340
[PASS] INST_2517 | 150 nodes | 20 km/h | 10 flows | 6 pps | seed 2 | 1617/2340
[PASS] INST_2518 | 150 nodes | 20 km/h | 10 flows | 6 pps | seed 3 | 1618/2340
[PASS] INST_2519 | 150 nodes | 20 km/h | 10 flows | 6 pps | seed 4 | 1619/2340
[PASS] INST_2520 | 150 nodes | 20 km/h | 10 flows | 6 pps | seed 5 | 1620/2340
[PASS] INST_2521 | 150 nodes | 20 km/h | 12 flows | 2 pps | seed 1 | 1621/2340
[PASS] INST_2522 | 150 nodes | 20 km/h | 12 flows | 2 pps | seed 2 | 1622/2340
[PASS] INST_2523 | 150 nodes | 20 km/h | 12 flows | 2 pps | seed 3 | 1623/2340
[PASS] INST_2524 | 150 nodes | 20 km/h | 12 flows | 2 pps | seed 4 | 1624/2340
[PASS] INST_2525 | 150 nodes | 20 km/h | 12 flows | 2 pps | seed 5 | 1625/2340
[PASS] INST_2526 | 150 nodes | 20 km/h | 12 flows | 3 pps | seed 1 | 1626/2340
[PASS] INST_2527 | 150 nodes | 20 km/h | 12 flows | 3 pps | seed 2 | 1627/2340
[PASS] INST_2528 | 150 nodes | 20 km/h | 12 flows | 3 pps | seed 3 | 1628/2340
[PASS] INST_2529 | 150 nodes | 20 km/h | 12 flows | 3 pps | seed 4 | 1629/2340
[PASS] INST_2530 | 150 nodes | 20 km/h | 12 flows | 3 pps | seed 5 | 1630/2340
[PASS] INST_2531 | 150 nodes | 20 km/h | 12 flows | 4 pps | seed 1 | 1631/2340
[PASS] INST_2532 | 150 nodes | 20 km/h | 12 flows | 4 pps | seed 2 | 1632/2340
[PASS] INST_2533 | 150 nodes | 20 km/h | 12 flows | 4 pps | seed 3 | 1633/2340
[PASS] INST_2534 | 150 nodes | 20 km/h | 12 flows | 4 pps | seed 4 | 1634/2340
[PASS] INST_2535 | 150 nodes | 20 km/h | 12 flows | 4 pps | seed 5 | 1635/2340
[PASS] INST_2536 | 150 nodes | 20 km/h | 12 flows | 5 pps | seed 1 | 1636/2340
[PASS] INST_2537 | 150 nodes | 20 km/h | 12 flows | 5 pps | seed 2 | 1637/2340
[PASS] INST_2538 | 150 nodes | 20 km/h | 12 flows | 5 pps | seed 3 | 1638/2340
[PASS] INST_2539 | 150 nodes | 20 km/h | 12 flows | 5 pps | seed 4 | 1639/2340
[PASS] INST_2540 | 150 nodes | 20 km/h | 12 flows | 5 pps | seed 5 | 1640/2340
[PASS] INST_2541 | 150 nodes | 20 km/h | 12 flows | 6 pps | seed 1 | 1641/2340
[PASS] INST_2542 | 150 nodes | 20 km/h | 12 flows | 6 pps | seed 2 | 1642/2340
[PASS] INST_2543 | 150 nodes | 20 km/h | 12 flows | 6 pps | seed 3 | 1643/2340
[PASS] INST_2544 | 150 nodes | 20 km/h | 12 flows | 6 pps | seed 4 | 1644/2340
[PASS] INST_2545 | 150 nodes | 20 km/h | 12 flows | 6 pps | seed 5 | 1645/2340
[PASS] INST_2546 | 150 nodes | 20 km/h | 12 flows | 8 pps | seed 1 | 1646/2340
[PASS] INST_2547 | 150 nodes | 20 km/h | 12 flows | 8 pps | seed 2 | 1647/2340
[PASS] INST_2548 | 150 nodes | 20 km/h | 12 flows | 8 pps | seed 3 | 1648/2340
[PASS] INST_2549 | 150 nodes | 20 km/h | 12 flows | 8 pps | seed 4 | 1649/2340
[PASS] INST_2550 | 150 nodes | 20 km/h | 12 flows | 8 pps | seed 5 | 1650/2340
[PASS] INST_2551 | 150 nodes | 20 km/h | 15 flows | 3 pps | seed 1 | 1651/2340
[PASS] INST_2552 | 150 nodes | 20 km/h | 15 flows | 3 pps | seed 2 | 1652/2340
[PASS] INST_2553 | 150 nodes | 20 km/h | 15 flows | 3 pps | seed 3 | 1653/2340
[PASS] INST_2554 | 150 nodes | 20 km/h | 15 flows | 3 pps | seed 4 | 1654/2340
[PASS] INST_2555 | 150 nodes | 20 km/h | 15 flows | 3 pps | seed 5 | 1655/2340
[PASS] INST_2556 | 150 nodes | 20 km/h | 15 flows | 5 pps | seed 1 | 1656/2340
[PASS] INST_2557 | 150 nodes | 20 km/h | 15 flows | 5 pps | seed 2 | 1657/2340
[PASS] INST_2558 | 150 nodes | 20 km/h | 15 flows | 5 pps | seed 3 | 1658/2340
[PASS] INST_2559 | 150 nodes | 20 km/h | 15 flows | 5 pps | seed 4 | 1659/2340
[PASS] INST_2560 | 150 nodes | 20 km/h | 15 flows | 5 pps | seed 5 | 1660/2340
[PASS] INST_2561 | 150 nodes | 20 km/h | 15 flows | 6 pps | seed 1 | 1661/2340
[PASS] INST_2562 | 150 nodes | 20 km/h | 15 flows | 6 pps | seed 2 | 1662/2340
[PASS] INST_2563 | 150 nodes | 20 km/h | 15 flows | 6 pps | seed 3 | 1663/2340
[PASS] INST_2564 | 150 nodes | 20 km/h | 15 flows | 6 pps | seed 4 | 1664/2340
[PASS] INST_2565 | 150 nodes | 20 km/h | 15 flows | 6 pps | seed 5 | 1665/2340
[PASS] INST_2566 | 150 nodes | 20 km/h | 18 flows | 2 pps | seed 1 | 1666/2340
[PASS] INST_2567 | 150 nodes | 20 km/h | 18 flows | 2 pps | seed 2 | 1667/2340
[PASS] INST_2568 | 150 nodes | 20 km/h | 18 flows | 2 pps | seed 3 | 1668/2340
[PASS] INST_2569 | 150 nodes | 20 km/h | 18 flows | 2 pps | seed 4 | 1669/2340
[PASS] INST_2570 | 150 nodes | 20 km/h | 18 flows | 2 pps | seed 5 | 1670/2340
[PASS] INST_2571 | 150 nodes | 20 km/h | 18 flows | 3 pps | seed 1 | 1671/2340
[PASS] INST_2572 | 150 nodes | 20 km/h | 18 flows | 3 pps | seed 2 | 1672/2340
[PASS] INST_2573 | 150 nodes | 20 km/h | 18 flows | 3 pps | seed 3 | 1673/2340
[PASS] INST_2574 | 150 nodes | 20 km/h | 18 flows | 3 pps | seed 4 | 1674/2340
[PASS] INST_2575 | 150 nodes | 20 km/h | 18 flows | 3 pps | seed 5 | 1675/2340
[PASS] INST_2576 | 150 nodes | 20 km/h | 18 flows | 4 pps | seed 1 | 1676/2340
[PASS] INST_2577 | 150 nodes | 20 km/h | 18 flows | 4 pps | seed 2 | 1677/2340
[PASS] INST_2578 | 150 nodes | 20 km/h | 18 flows | 4 pps | seed 3 | 1678/2340
[PASS] INST_2579 | 150 nodes | 20 km/h | 18 flows | 4 pps | seed 4 | 1679/2340
[PASS] INST_2580 | 150 nodes | 20 km/h | 18 flows | 4 pps | seed 5 | 1680/2340
[PASS] INST_2581 | 150 nodes | 20 km/h | 18 flows | 5 pps | seed 1 | 1681/2340
[PASS] INST_2582 | 150 nodes | 20 km/h | 18 flows | 5 pps | seed 2 | 1682/2340
[PASS] INST_2583 | 150 nodes | 20 km/h | 18 flows | 5 pps | seed 3 | 1683/2340
[PASS] INST_2584 | 150 nodes | 20 km/h | 18 flows | 5 pps | seed 4 | 1684/2340
[PASS] INST_2585 | 150 nodes | 20 km/h | 18 flows | 5 pps | seed 5 | 1685/2340
[PASS] INST_2586 | 150 nodes | 20 km/h | 18 flows | 6 pps | seed 1 | 1686/2340
[PASS] INST_2587 | 150 nodes | 20 km/h | 18 flows | 6 pps | seed 2 | 1687/2340
[PASS] INST_2588 | 150 nodes | 20 km/h | 18 flows | 6 pps | seed 3 | 1688/2340
[PASS] INST_2589 | 150 nodes | 20 km/h | 18 flows | 6 pps | seed 4 | 1689/2340
[PASS] INST_2590 | 150 nodes | 20 km/h | 18 flows | 6 pps | seed 5 | 1690/2340
[PASS] INST_2591 | 150 nodes | 20 km/h | 18 flows | 8 pps | seed 1 | 1691/2340
[PASS] INST_2592 | 150 nodes | 20 km/h | 18 flows | 8 pps | seed 2 | 1692/2340
[PASS] INST_2593 | 150 nodes | 20 km/h | 18 flows | 8 pps | seed 3 | 1693/2340
[PASS] INST_2594 | 150 nodes | 20 km/h | 18 flows | 8 pps | seed 4 | 1694/2340
[PASS] INST_2595 | 150 nodes | 20 km/h | 18 flows | 8 pps | seed 5 | 1695/2340
[PASS] INST_2596 | 150 nodes | 20 km/h | 20 flows | 3 pps | seed 1 | 1696/2340
[PASS] INST_2597 | 150 nodes | 20 km/h | 20 flows | 3 pps | seed 2 | 1697/2340
[PASS] INST_2598 | 150 nodes | 20 km/h | 20 flows | 3 pps | seed 3 | 1698/2340
[PASS] INST_2599 | 150 nodes | 20 km/h | 20 flows | 3 pps | seed 4 | 1699/2340
[PASS] INST_2600 | 150 nodes | 20 km/h | 20 flows | 3 pps | seed 5 | 1700/2340
[PASS] INST_2601 | 150 nodes | 20 km/h | 20 flows | 5 pps | seed 1 | 1701/2340
[PASS] INST_2602 | 150 nodes | 20 km/h | 20 flows | 5 pps | seed 2 | 1702/2340
[PASS] INST_2603 | 150 nodes | 20 km/h | 20 flows | 5 pps | seed 3 | 1703/2340
[PASS] INST_2604 | 150 nodes | 20 km/h | 20 flows | 5 pps | seed 4 | 1704/2340
[PASS] INST_2605 | 150 nodes | 20 km/h | 20 flows | 5 pps | seed 5 | 1705/2340
[PASS] INST_2606 | 150 nodes | 20 km/h | 20 flows | 6 pps | seed 1 | 1706/2340
[PASS] INST_2607 | 150 nodes | 20 km/h | 20 flows | 6 pps | seed 2 | 1707/2340
[PASS] INST_2608 | 150 nodes | 20 km/h | 20 flows | 6 pps | seed 3 | 1708/2340
[PASS] INST_2609 | 150 nodes | 20 km/h | 20 flows | 6 pps | seed 4 | 1709/2340
[PASS] INST_2610 | 150 nodes | 20 km/h | 20 flows | 6 pps | seed 5 | 1710/2340
[PASS] INST_2611 | 150 nodes | 20 km/h | 22 flows | 2 pps | seed 1 | 1711/2340
[PASS] INST_2612 | 150 nodes | 20 km/h | 22 flows | 2 pps | seed 2 | 1712/2340
[PASS] INST_2613 | 150 nodes | 20 km/h | 22 flows | 2 pps | seed 3 | 1713/2340
[PASS] INST_2614 | 150 nodes | 20 km/h | 22 flows | 2 pps | seed 4 | 1714/2340
[PASS] INST_2615 | 150 nodes | 20 km/h | 22 flows | 2 pps | seed 5 | 1715/2340
[PASS] INST_2616 | 150 nodes | 20 km/h | 22 flows | 3 pps | seed 1 | 1716/2340
[PASS] INST_2617 | 150 nodes | 20 km/h | 22 flows | 3 pps | seed 2 | 1717/2340
[PASS] INST_2618 | 150 nodes | 20 km/h | 22 flows | 3 pps | seed 3 | 1718/2340
[PASS] INST_2619 | 150 nodes | 20 km/h | 22 flows | 3 pps | seed 4 | 1719/2340
[PASS] INST_2620 | 150 nodes | 20 km/h | 22 flows | 3 pps | seed 5 | 1720/2340
[PASS] INST_2621 | 150 nodes | 20 km/h | 22 flows | 4 pps | seed 1 | 1721/2340
[PASS] INST_2622 | 150 nodes | 20 km/h | 22 flows | 4 pps | seed 2 | 1722/2340
[PASS] INST_2623 | 150 nodes | 20 km/h | 22 flows | 4 pps | seed 3 | 1723/2340
[PASS] INST_2624 | 150 nodes | 20 km/h | 22 flows | 4 pps | seed 4 | 1724/2340
[PASS] INST_2625 | 150 nodes | 20 km/h | 22 flows | 4 pps | seed 5 | 1725/2340
[PASS] INST_2626 | 150 nodes | 20 km/h | 22 flows | 5 pps | seed 1 | 1726/2340
[PASS] INST_2627 | 150 nodes | 20 km/h | 22 flows | 5 pps | seed 2 | 1727/2340
[PASS] INST_2628 | 150 nodes | 20 km/h | 22 flows | 5 pps | seed 3 | 1728/2340
[PASS] INST_2629 | 150 nodes | 20 km/h | 22 flows | 5 pps | seed 4 | 1729/2340
[PASS] INST_2630 | 150 nodes | 20 km/h | 22 flows | 5 pps | seed 5 | 1730/2340
[PASS] INST_2631 | 150 nodes | 20 km/h | 22 flows | 6 pps | seed 1 | 1731/2340
[PASS] INST_2632 | 150 nodes | 20 km/h | 22 flows | 6 pps | seed 2 | 1732/2340
[PASS] INST_2633 | 150 nodes | 20 km/h | 22 flows | 6 pps | seed 3 | 1733/2340
[PASS] INST_2634 | 150 nodes | 20 km/h | 22 flows | 6 pps | seed 4 | 1734/2340
[PASS] INST_2635 | 150 nodes | 20 km/h | 22 flows | 6 pps | seed 5 | 1735/2340
[PASS] INST_2636 | 150 nodes | 20 km/h | 22 flows | 8 pps | seed 1 | 1736/2340
[PASS] INST_2637 | 150 nodes | 20 km/h | 22 flows | 8 pps | seed 2 | 1737/2340
[PASS] INST_2638 | 150 nodes | 20 km/h | 22 flows | 8 pps | seed 3 | 1738/2340
[PASS] INST_2639 | 150 nodes | 20 km/h | 22 flows | 8 pps | seed 4 | 1739/2340
[PASS] INST_2640 | 150 nodes | 20 km/h | 22 flows | 8 pps | seed 5 | 1740/2340
[PASS] INST_2641 | 150 nodes | 20 km/h | 25 flows | 3 pps | seed 1 | 1741/2340
[PASS] INST_2642 | 150 nodes | 20 km/h | 25 flows | 3 pps | seed 2 | 1742/2340
[PASS] INST_2643 | 150 nodes | 20 km/h | 25 flows | 3 pps | seed 3 | 1743/2340
[PASS] INST_2644 | 150 nodes | 20 km/h | 25 flows | 3 pps | seed 4 | 1744/2340
[PASS] INST_2645 | 150 nodes | 20 km/h | 25 flows | 3 pps | seed 5 | 1745/2340
[PASS] INST_2646 | 150 nodes | 20 km/h | 25 flows | 5 pps | seed 1 | 1746/2340
[PASS] INST_2647 | 150 nodes | 20 km/h | 25 flows | 5 pps | seed 2 | 1747/2340
[PASS] INST_2648 | 150 nodes | 20 km/h | 25 flows | 5 pps | seed 3 | 1748/2340
[PASS] INST_2649 | 150 nodes | 20 km/h | 25 flows | 5 pps | seed 4 | 1749/2340
[PASS] INST_2650 | 150 nodes | 20 km/h | 25 flows | 5 pps | seed 5 | 1750/2340
[PASS] INST_2651 | 150 nodes | 20 km/h | 25 flows | 6 pps | seed 1 | 1751/2340
[PASS] INST_2652 | 150 nodes | 20 km/h | 25 flows | 6 pps | seed 2 | 1752/2340
[PASS] INST_2653 | 150 nodes | 20 km/h | 25 flows | 6 pps | seed 3 | 1753/2340
[PASS] INST_2654 | 150 nodes | 20 km/h | 25 flows | 6 pps | seed 4 | 1754/2340
[PASS] INST_2655 | 150 nodes | 20 km/h | 25 flows | 6 pps | seed 5 | 1755/2340
[PASS] INST_2656 | 150 nodes | 30 km/h | 5 flows | 3 pps | seed 1 | 1756/2340
[PASS] INST_2657 | 150 nodes | 30 km/h | 5 flows | 3 pps | seed 2 | 1757/2340
[PASS] INST_2658 | 150 nodes | 30 km/h | 5 flows | 3 pps | seed 3 | 1758/2340
[PASS] INST_2659 | 150 nodes | 30 km/h | 5 flows | 3 pps | seed 4 | 1759/2340
[PASS] INST_2660 | 150 nodes | 30 km/h | 5 flows | 3 pps | seed 5 | 1760/2340
[PASS] INST_2661 | 150 nodes | 30 km/h | 5 flows | 5 pps | seed 1 | 1761/2340
[PASS] INST_2662 | 150 nodes | 30 km/h | 5 flows | 5 pps | seed 2 | 1762/2340
[PASS] INST_2663 | 150 nodes | 30 km/h | 5 flows | 5 pps | seed 3 | 1763/2340
[PASS] INST_2664 | 150 nodes | 30 km/h | 5 flows | 5 pps | seed 4 | 1764/2340
[PASS] INST_2665 | 150 nodes | 30 km/h | 5 flows | 5 pps | seed 5 | 1765/2340
[PASS] INST_2666 | 150 nodes | 30 km/h | 5 flows | 6 pps | seed 1 | 1766/2340
[PASS] INST_2667 | 150 nodes | 30 km/h | 5 flows | 6 pps | seed 2 | 1767/2340
[PASS] INST_2668 | 150 nodes | 30 km/h | 5 flows | 6 pps | seed 3 | 1768/2340
[PASS] INST_2669 | 150 nodes | 30 km/h | 5 flows | 6 pps | seed 4 | 1769/2340
[PASS] INST_2670 | 150 nodes | 30 km/h | 5 flows | 6 pps | seed 5 | 1770/2340
[PASS] INST_2671 | 150 nodes | 30 km/h | 7 flows | 2 pps | seed 1 | 1771/2340
[PASS] INST_2672 | 150 nodes | 30 km/h | 7 flows | 2 pps | seed 2 | 1772/2340
[PASS] INST_2673 | 150 nodes | 30 km/h | 7 flows | 2 pps | seed 3 | 1773/2340
[PASS] INST_2674 | 150 nodes | 30 km/h | 7 flows | 2 pps | seed 4 | 1774/2340
[PASS] INST_2675 | 150 nodes | 30 km/h | 7 flows | 2 pps | seed 5 | 1775/2340
[PASS] INST_2676 | 150 nodes | 30 km/h | 7 flows | 3 pps | seed 1 | 1776/2340
[PASS] INST_2677 | 150 nodes | 30 km/h | 7 flows | 3 pps | seed 2 | 1777/2340
[PASS] INST_2678 | 150 nodes | 30 km/h | 7 flows | 3 pps | seed 3 | 1778/2340
[PASS] INST_2679 | 150 nodes | 30 km/h | 7 flows | 3 pps | seed 4 | 1779/2340
[PASS] INST_2680 | 150 nodes | 30 km/h | 7 flows | 3 pps | seed 5 | 1780/2340
[PASS] INST_2681 | 150 nodes | 30 km/h | 7 flows | 4 pps | seed 1 | 1781/2340
[PASS] INST_2682 | 150 nodes | 30 km/h | 7 flows | 4 pps | seed 2 | 1782/2340
[PASS] INST_2683 | 150 nodes | 30 km/h | 7 flows | 4 pps | seed 3 | 1783/2340
[PASS] INST_2684 | 150 nodes | 30 km/h | 7 flows | 4 pps | seed 4 | 1784/2340
[PASS] INST_2685 | 150 nodes | 30 km/h | 7 flows | 4 pps | seed 5 | 1785/2340
[PASS] INST_2686 | 150 nodes | 30 km/h | 7 flows | 5 pps | seed 1 | 1786/2340
[PASS] INST_2687 | 150 nodes | 30 km/h | 7 flows | 5 pps | seed 2 | 1787/2340
[PASS] INST_2688 | 150 nodes | 30 km/h | 7 flows | 5 pps | seed 3 | 1788/2340
[PASS] INST_2689 | 150 nodes | 30 km/h | 7 flows | 5 pps | seed 4 | 1789/2340
[PASS] INST_2690 | 150 nodes | 30 km/h | 7 flows | 5 pps | seed 5 | 1790/2340
[PASS] INST_2691 | 150 nodes | 30 km/h | 7 flows | 6 pps | seed 1 | 1791/2340
[PASS] INST_2692 | 150 nodes | 30 km/h | 7 flows | 6 pps | seed 2 | 1792/2340
[PASS] INST_2693 | 150 nodes | 30 km/h | 7 flows | 6 pps | seed 3 | 1793/2340
[PASS] INST_2694 | 150 nodes | 30 km/h | 7 flows | 6 pps | seed 4 | 1794/2340
[PASS] INST_2695 | 150 nodes | 30 km/h | 7 flows | 6 pps | seed 5 | 1795/2340
[PASS] INST_2696 | 150 nodes | 30 km/h | 7 flows | 8 pps | seed 1 | 1796/2340
[PASS] INST_2697 | 150 nodes | 30 km/h | 7 flows | 8 pps | seed 2 | 1797/2340
[PASS] INST_2698 | 150 nodes | 30 km/h | 7 flows | 8 pps | seed 3 | 1798/2340
[PASS] INST_2699 | 150 nodes | 30 km/h | 7 flows | 8 pps | seed 4 | 1799/2340
[PASS] INST_2700 | 150 nodes | 30 km/h | 7 flows | 8 pps | seed 5 | 1800/2340
[PASS] INST_2701 | 150 nodes | 30 km/h | 10 flows | 3 pps | seed 1 | 1801/2340
[PASS] INST_2702 | 150 nodes | 30 km/h | 10 flows | 3 pps | seed 2 | 1802/2340
[PASS] INST_2703 | 150 nodes | 30 km/h | 10 flows | 3 pps | seed 3 | 1803/2340
[PASS] INST_2704 | 150 nodes | 30 km/h | 10 flows | 3 pps | seed 4 | 1804/2340
[PASS] INST_2705 | 150 nodes | 30 km/h | 10 flows | 3 pps | seed 5 | 1805/2340
[PASS] INST_2706 | 150 nodes | 30 km/h | 10 flows | 5 pps | seed 1 | 1806/2340
[PASS] INST_2707 | 150 nodes | 30 km/h | 10 flows | 5 pps | seed 2 | 1807/2340
[PASS] INST_2708 | 150 nodes | 30 km/h | 10 flows | 5 pps | seed 3 | 1808/2340
[PASS] INST_2709 | 150 nodes | 30 km/h | 10 flows | 5 pps | seed 4 | 1809/2340
[PASS] INST_2710 | 150 nodes | 30 km/h | 10 flows | 5 pps | seed 5 | 1810/2340
[PASS] INST_2711 | 150 nodes | 30 km/h | 10 flows | 6 pps | seed 1 | 1811/2340
[PASS] INST_2712 | 150 nodes | 30 km/h | 10 flows | 6 pps | seed 2 | 1812/2340
[PASS] INST_2713 | 150 nodes | 30 km/h | 10 flows | 6 pps | seed 3 | 1813/2340
[PASS] INST_2714 | 150 nodes | 30 km/h | 10 flows | 6 pps | seed 4 | 1814/2340
[PASS] INST_2715 | 150 nodes | 30 km/h | 10 flows | 6 pps | seed 5 | 1815/2340
[PASS] INST_2716 | 150 nodes | 30 km/h | 12 flows | 2 pps | seed 1 | 1816/2340
[PASS] INST_2717 | 150 nodes | 30 km/h | 12 flows | 2 pps | seed 2 | 1817/2340
[PASS] INST_2718 | 150 nodes | 30 km/h | 12 flows | 2 pps | seed 3 | 1818/2340
[PASS] INST_2719 | 150 nodes | 30 km/h | 12 flows | 2 pps | seed 4 | 1819/2340
[PASS] INST_2720 | 150 nodes | 30 km/h | 12 flows | 2 pps | seed 5 | 1820/2340
[PASS] INST_2721 | 150 nodes | 30 km/h | 12 flows | 3 pps | seed 1 | 1821/2340
[PASS] INST_2722 | 150 nodes | 30 km/h | 12 flows | 3 pps | seed 2 | 1822/2340
[PASS] INST_2723 | 150 nodes | 30 km/h | 12 flows | 3 pps | seed 3 | 1823/2340
[PASS] INST_2724 | 150 nodes | 30 km/h | 12 flows | 3 pps | seed 4 | 1824/2340
[PASS] INST_2725 | 150 nodes | 30 km/h | 12 flows | 3 pps | seed 5 | 1825/2340
[PASS] INST_2726 | 150 nodes | 30 km/h | 12 flows | 4 pps | seed 1 | 1826/2340
[PASS] INST_2727 | 150 nodes | 30 km/h | 12 flows | 4 pps | seed 2 | 1827/2340
[PASS] INST_2728 | 150 nodes | 30 km/h | 12 flows | 4 pps | seed 3 | 1828/2340
[PASS] INST_2729 | 150 nodes | 30 km/h | 12 flows | 4 pps | seed 4 | 1829/2340
[PASS] INST_2730 | 150 nodes | 30 km/h | 12 flows | 4 pps | seed 5 | 1830/2340
[PASS] INST_2731 | 150 nodes | 30 km/h | 12 flows | 5 pps | seed 1 | 1831/2340
[PASS] INST_2732 | 150 nodes | 30 km/h | 12 flows | 5 pps | seed 2 | 1832/2340
[PASS] INST_2733 | 150 nodes | 30 km/h | 12 flows | 5 pps | seed 3 | 1833/2340
[PASS] INST_2734 | 150 nodes | 30 km/h | 12 flows | 5 pps | seed 4 | 1834/2340
[PASS] INST_2735 | 150 nodes | 30 km/h | 12 flows | 5 pps | seed 5 | 1835/2340
[PASS] INST_2736 | 150 nodes | 30 km/h | 12 flows | 6 pps | seed 1 | 1836/2340
[PASS] INST_2737 | 150 nodes | 30 km/h | 12 flows | 6 pps | seed 2 | 1837/2340
[PASS] INST_2738 | 150 nodes | 30 km/h | 12 flows | 6 pps | seed 3 | 1838/2340
[PASS] INST_2739 | 150 nodes | 30 km/h | 12 flows | 6 pps | seed 4 | 1839/2340
[PASS] INST_2740 | 150 nodes | 30 km/h | 12 flows | 6 pps | seed 5 | 1840/2340
[PASS] INST_2741 | 150 nodes | 30 km/h | 12 flows | 8 pps | seed 1 | 1841/2340
[PASS] INST_2742 | 150 nodes | 30 km/h | 12 flows | 8 pps | seed 2 | 1842/2340
[PASS] INST_2743 | 150 nodes | 30 km/h | 12 flows | 8 pps | seed 3 | 1843/2340
[PASS] INST_2744 | 150 nodes | 30 km/h | 12 flows | 8 pps | seed 4 | 1844/2340
[PASS] INST_2745 | 150 nodes | 30 km/h | 12 flows | 8 pps | seed 5 | 1845/2340
[PASS] INST_2746 | 150 nodes | 30 km/h | 15 flows | 3 pps | seed 1 | 1846/2340
[PASS] INST_2748 | 150 nodes | 30 km/h | 15 flows | 3 pps | seed 3 | 1847/2340
[PASS] INST_2747 | 150 nodes | 30 km/h | 15 flows | 3 pps | seed 2 | 1848/2340
[PASS] INST_2749 | 150 nodes | 30 km/h | 15 flows | 3 pps | seed 4 | 1849/2340
[PASS] INST_2750 | 150 nodes | 30 km/h | 15 flows | 3 pps | seed 5 | 1850/2340
[PASS] INST_2751 | 150 nodes | 30 km/h | 15 flows | 5 pps | seed 1 | 1851/2340
[PASS] INST_2752 | 150 nodes | 30 km/h | 15 flows | 5 pps | seed 2 | 1852/2340
[PASS] INST_2753 | 150 nodes | 30 km/h | 15 flows | 5 pps | seed 3 | 1853/2340
[PASS] INST_2754 | 150 nodes | 30 km/h | 15 flows | 5 pps | seed 4 | 1854/2340
[PASS] INST_2755 | 150 nodes | 30 km/h | 15 flows | 5 pps | seed 5 | 1855/2340
[PASS] INST_2756 | 150 nodes | 30 km/h | 15 flows | 6 pps | seed 1 | 1856/2340
[PASS] INST_2757 | 150 nodes | 30 km/h | 15 flows | 6 pps | seed 2 | 1857/2340
[PASS] INST_2758 | 150 nodes | 30 km/h | 15 flows | 6 pps | seed 3 | 1858/2340
[PASS] INST_2759 | 150 nodes | 30 km/h | 15 flows | 6 pps | seed 4 | 1859/2340
[PASS] INST_2760 | 150 nodes | 30 km/h | 15 flows | 6 pps | seed 5 | 1860/2340
[PASS] INST_2761 | 150 nodes | 30 km/h | 18 flows | 2 pps | seed 1 | 1861/2340
[PASS] INST_2762 | 150 nodes | 30 km/h | 18 flows | 2 pps | seed 2 | 1862/2340
[PASS] INST_2763 | 150 nodes | 30 km/h | 18 flows | 2 pps | seed 3 | 1863/2340
[PASS] INST_2764 | 150 nodes | 30 km/h | 18 flows | 2 pps | seed 4 | 1864/2340
[PASS] INST_2765 | 150 nodes | 30 km/h | 18 flows | 2 pps | seed 5 | 1865/2340
[PASS] INST_2766 | 150 nodes | 30 km/h | 18 flows | 3 pps | seed 1 | 1866/2340
[PASS] INST_2767 | 150 nodes | 30 km/h | 18 flows | 3 pps | seed 2 | 1867/2340
[PASS] INST_2768 | 150 nodes | 30 km/h | 18 flows | 3 pps | seed 3 | 1868/2340
[PASS] INST_2769 | 150 nodes | 30 km/h | 18 flows | 3 pps | seed 4 | 1869/2340
[PASS] INST_2770 | 150 nodes | 30 km/h | 18 flows | 3 pps | seed 5 | 1870/2340
[PASS] INST_2771 | 150 nodes | 30 km/h | 18 flows | 4 pps | seed 1 | 1871/2340
[PASS] INST_2772 | 150 nodes | 30 km/h | 18 flows | 4 pps | seed 2 | 1872/2340
[PASS] INST_2773 | 150 nodes | 30 km/h | 18 flows | 4 pps | seed 3 | 1873/2340
[PASS] INST_2774 | 150 nodes | 30 km/h | 18 flows | 4 pps | seed 4 | 1874/2340
[PASS] INST_2775 | 150 nodes | 30 km/h | 18 flows | 4 pps | seed 5 | 1875/2340
[PASS] INST_2776 | 150 nodes | 30 km/h | 18 flows | 5 pps | seed 1 | 1876/2340
[PASS] INST_2777 | 150 nodes | 30 km/h | 18 flows | 5 pps | seed 2 | 1877/2340
[PASS] INST_2778 | 150 nodes | 30 km/h | 18 flows | 5 pps | seed 3 | 1878/2340
[PASS] INST_2779 | 150 nodes | 30 km/h | 18 flows | 5 pps | seed 4 | 1879/2340
[PASS] INST_2780 | 150 nodes | 30 km/h | 18 flows | 5 pps | seed 5 | 1880/2340
[PASS] INST_2781 | 150 nodes | 30 km/h | 18 flows | 6 pps | seed 1 | 1881/2340
[PASS] INST_2782 | 150 nodes | 30 km/h | 18 flows | 6 pps | seed 2 | 1882/2340
[PASS] INST_2783 | 150 nodes | 30 km/h | 18 flows | 6 pps | seed 3 | 1883/2340
[PASS] INST_2784 | 150 nodes | 30 km/h | 18 flows | 6 pps | seed 4 | 1884/2340
[PASS] INST_2785 | 150 nodes | 30 km/h | 18 flows | 6 pps | seed 5 | 1885/2340
[PASS] INST_2786 | 150 nodes | 30 km/h | 18 flows | 8 pps | seed 1 | 1886/2340
[PASS] INST_2787 | 150 nodes | 30 km/h | 18 flows | 8 pps | seed 2 | 1887/2340
[PASS] INST_2788 | 150 nodes | 30 km/h | 18 flows | 8 pps | seed 3 | 1888/2340
[PASS] INST_2789 | 150 nodes | 30 km/h | 18 flows | 8 pps | seed 4 | 1889/2340
[PASS] INST_2790 | 150 nodes | 30 km/h | 18 flows | 8 pps | seed 5 | 1890/2340
[PASS] INST_2791 | 150 nodes | 30 km/h | 20 flows | 3 pps | seed 1 | 1891/2340
[PASS] INST_2792 | 150 nodes | 30 km/h | 20 flows | 3 pps | seed 2 | 1892/2340
[PASS] INST_2793 | 150 nodes | 30 km/h | 20 flows | 3 pps | seed 3 | 1893/2340
[PASS] INST_2794 | 150 nodes | 30 km/h | 20 flows | 3 pps | seed 4 | 1894/2340
[PASS] INST_2795 | 150 nodes | 30 km/h | 20 flows | 3 pps | seed 5 | 1895/2340
[PASS] INST_2796 | 150 nodes | 30 km/h | 20 flows | 5 pps | seed 1 | 1896/2340
[PASS] INST_2797 | 150 nodes | 30 km/h | 20 flows | 5 pps | seed 2 | 1897/2340
[PASS] INST_2798 | 150 nodes | 30 km/h | 20 flows | 5 pps | seed 3 | 1898/2340
[PASS] INST_2799 | 150 nodes | 30 km/h | 20 flows | 5 pps | seed 4 | 1899/2340
[PASS] INST_2800 | 150 nodes | 30 km/h | 20 flows | 5 pps | seed 5 | 1900/2340
[PASS] INST_2801 | 150 nodes | 30 km/h | 20 flows | 6 pps | seed 1 | 1901/2340
[PASS] INST_2802 | 150 nodes | 30 km/h | 20 flows | 6 pps | seed 2 | 1902/2340
[PASS] INST_2803 | 150 nodes | 30 km/h | 20 flows | 6 pps | seed 3 | 1903/2340
[PASS] INST_2804 | 150 nodes | 30 km/h | 20 flows | 6 pps | seed 4 | 1904/2340
[PASS] INST_2805 | 150 nodes | 30 km/h | 20 flows | 6 pps | seed 5 | 1905/2340
[PASS] INST_2806 | 150 nodes | 30 km/h | 22 flows | 2 pps | seed 1 | 1906/2340
[PASS] INST_2807 | 150 nodes | 30 km/h | 22 flows | 2 pps | seed 2 | 1907/2340
[PASS] INST_2808 | 150 nodes | 30 km/h | 22 flows | 2 pps | seed 3 | 1908/2340
[PASS] INST_2809 | 150 nodes | 30 km/h | 22 flows | 2 pps | seed 4 | 1909/2340
[PASS] INST_2810 | 150 nodes | 30 km/h | 22 flows | 2 pps | seed 5 | 1910/2340
[PASS] INST_2811 | 150 nodes | 30 km/h | 22 flows | 3 pps | seed 1 | 1911/2340
[PASS] INST_2812 | 150 nodes | 30 km/h | 22 flows | 3 pps | seed 2 | 1912/2340
[PASS] INST_2813 | 150 nodes | 30 km/h | 22 flows | 3 pps | seed 3 | 1913/2340
[PASS] INST_2814 | 150 nodes | 30 km/h | 22 flows | 3 pps | seed 4 | 1914/2340
[PASS] INST_2815 | 150 nodes | 30 km/h | 22 flows | 3 pps | seed 5 | 1915/2340
[PASS] INST_2816 | 150 nodes | 30 km/h | 22 flows | 4 pps | seed 1 | 1916/2340
[PASS] INST_2817 | 150 nodes | 30 km/h | 22 flows | 4 pps | seed 2 | 1917/2340
[PASS] INST_2818 | 150 nodes | 30 km/h | 22 flows | 4 pps | seed 3 | 1918/2340
[PASS] INST_2819 | 150 nodes | 30 km/h | 22 flows | 4 pps | seed 4 | 1919/2340
[PASS] INST_2820 | 150 nodes | 30 km/h | 22 flows | 4 pps | seed 5 | 1920/2340
[PASS] INST_2821 | 150 nodes | 30 km/h | 22 flows | 5 pps | seed 1 | 1921/2340
[PASS] INST_2822 | 150 nodes | 30 km/h | 22 flows | 5 pps | seed 2 | 1922/2340
[PASS] INST_2823 | 150 nodes | 30 km/h | 22 flows | 5 pps | seed 3 | 1923/2340
[PASS] INST_2824 | 150 nodes | 30 km/h | 22 flows | 5 pps | seed 4 | 1924/2340
[PASS] INST_2825 | 150 nodes | 30 km/h | 22 flows | 5 pps | seed 5 | 1925/2340
[PASS] INST_2826 | 150 nodes | 30 km/h | 22 flows | 6 pps | seed 1 | 1926/2340
[PASS] INST_2827 | 150 nodes | 30 km/h | 22 flows | 6 pps | seed 2 | 1927/2340
[PASS] INST_2828 | 150 nodes | 30 km/h | 22 flows | 6 pps | seed 3 | 1928/2340
[PASS] INST_2829 | 150 nodes | 30 km/h | 22 flows | 6 pps | seed 4 | 1929/2340
[PASS] INST_2830 | 150 nodes | 30 km/h | 22 flows | 6 pps | seed 5 | 1930/2340
[PASS] INST_2831 | 150 nodes | 30 km/h | 22 flows | 8 pps | seed 1 | 1931/2340
[PASS] INST_2832 | 150 nodes | 30 km/h | 22 flows | 8 pps | seed 2 | 1932/2340
[PASS] INST_2833 | 150 nodes | 30 km/h | 22 flows | 8 pps | seed 3 | 1933/2340
[PASS] INST_2834 | 150 nodes | 30 km/h | 22 flows | 8 pps | seed 4 | 1934/2340
[PASS] INST_2836 | 150 nodes | 30 km/h | 25 flows | 3 pps | seed 1 | 1935/2340
[PASS] INST_2835 | 150 nodes | 30 km/h | 22 flows | 8 pps | seed 5 | 1936/2340
[PASS] INST_2837 | 150 nodes | 30 km/h | 25 flows | 3 pps | seed 2 | 1937/2340
