nohup: ignoring input
==============================================================================
EXPANDED VANET PARALLEL BATCH
==============================================================================
Workers                 : 2
Existing locked runs    : 2700
New completed instances : 2150 / 2340
Instances this launch   : 190
Same-seed retries       : 3
==============================================================================
[DEFERRED] INST_3051 | AODV: NS-2 failed: 
[PASS] INST_3052 | 150 nodes | 50 km/h | 5 flows | 5 pps | seed 2 | 2151/2340
[PASS] INST_3054 | 150 nodes | 50 km/h | 5 flows | 5 pps | seed 4 | 2152/2340
[PASS] INST_3053 | 150 nodes | 50 km/h | 5 flows | 5 pps | seed 3 | 2153/2340
[PASS] INST_3055 | 150 nodes | 50 km/h | 5 flows | 5 pps | seed 5 | 2154/2340
[PASS] INST_3056 | 150 nodes | 50 km/h | 5 flows | 6 pps | seed 1 | 2155/2340
[PASS] INST_3057 | 150 nodes | 50 km/h | 5 flows | 6 pps | seed 2 | 2156/2340
[PASS] INST_3058 | 150 nodes | 50 km/h | 5 flows | 6 pps | seed 3 | 2157/2340
[PASS] INST_3059 | 150 nodes | 50 km/h | 5 flows | 6 pps | seed 4 | 2158/2340
[PASS] INST_3060 | 150 nodes | 50 km/h | 5 flows | 6 pps | seed 5 | 2159/2340
[PASS] INST_3061 | 150 nodes | 50 km/h | 7 flows | 2 pps | seed 1 | 2160/2340
[PASS] INST_3062 | 150 nodes | 50 km/h | 7 flows | 2 pps | seed 2 | 2161/2340
[PASS] INST_3063 | 150 nodes | 50 km/h | 7 flows | 2 pps | seed 3 | 2162/2340
[PASS] INST_3064 | 150 nodes | 50 km/h | 7 flows | 2 pps | seed 4 | 2163/2340
[PASS] INST_3065 | 150 nodes | 50 km/h | 7 flows | 2 pps | seed 5 | 2164/2340
[PASS] INST_3066 | 150 nodes | 50 km/h | 7 flows | 3 pps | seed 1 | 2165/2340
[PASS] INST_3067 | 150 nodes | 50 km/h | 7 flows | 3 pps | seed 2 | 2166/2340
[PASS] INST_3068 | 150 nodes | 50 km/h | 7 flows | 3 pps | seed 3 | 2167/2340
[PASS] INST_3069 | 150 nodes | 50 km/h | 7 flows | 3 pps | seed 4 | 2168/2340
[PASS] INST_3070 | 150 nodes | 50 km/h | 7 flows | 3 pps | seed 5 | 2169/2340
[PASS] INST_3071 | 150 nodes | 50 km/h | 7 flows | 4 pps | seed 1 | 2170/2340
[PASS] INST_3072 | 150 nodes | 50 km/h | 7 flows | 4 pps | seed 2 | 2171/2340
[PASS] INST_3073 | 150 nodes | 50 km/h | 7 flows | 4 pps | seed 3 | 2172/2340
[PASS] INST_3074 | 150 nodes | 50 km/h | 7 flows | 4 pps | seed 4 | 2173/2340
[PASS] INST_3075 | 150 nodes | 50 km/h | 7 flows | 4 pps | seed 5 | 2174/2340
[PASS] INST_3076 | 150 nodes | 50 km/h | 7 flows | 5 pps | seed 1 | 2175/2340
[PASS] INST_3077 | 150 nodes | 50 km/h | 7 flows | 5 pps | seed 2 | 2176/2340
[PASS] INST_3078 | 150 nodes | 50 km/h | 7 flows | 5 pps | seed 3 | 2177/2340
[PASS] INST_3079 | 150 nodes | 50 km/h | 7 flows | 5 pps | seed 4 | 2178/2340
[PASS] INST_3080 | 150 nodes | 50 km/h | 7 flows | 5 pps | seed 5 | 2179/2340
[PASS] INST_3081 | 150 nodes | 50 km/h | 7 flows | 6 pps | seed 1 | 2180/2340
[PASS] INST_3082 | 150 nodes | 50 km/h | 7 flows | 6 pps | seed 2 | 2181/2340
[PASS] INST_3083 | 150 nodes | 50 km/h | 7 flows | 6 pps | seed 3 | 2182/2340
[PASS] INST_3084 | 150 nodes | 50 km/h | 7 flows | 6 pps | seed 4 | 2183/2340
[PASS] INST_3085 | 150 nodes | 50 km/h | 7 flows | 6 pps | seed 5 | 2184/2340
[PASS] INST_3086 | 150 nodes | 50 km/h | 7 flows | 8 pps | seed 1 | 2185/2340
[PASS] INST_3087 | 150 nodes | 50 km/h | 7 flows | 8 pps | seed 2 | 2186/2340
[PASS] INST_3088 | 150 nodes | 50 km/h | 7 flows | 8 pps | seed 3 | 2187/2340
[PASS] INST_3089 | 150 nodes | 50 km/h | 7 flows | 8 pps | seed 4 | 2188/2340
[PASS] INST_3090 | 150 nodes | 50 km/h | 7 flows | 8 pps | seed 5 | 2189/2340
[PASS] INST_3091 | 150 nodes | 50 km/h | 10 flows | 3 pps | seed 1 | 2190/2340
[PASS] INST_3092 | 150 nodes | 50 km/h | 10 flows | 3 pps | seed 2 | 2191/2340
[PASS] INST_3093 | 150 nodes | 50 km/h | 10 flows | 3 pps | seed 3 | 2192/2340
[PASS] INST_3094 | 150 nodes | 50 km/h | 10 flows | 3 pps | seed 4 | 2193/2340
[PASS] INST_3095 | 150 nodes | 50 km/h | 10 flows | 3 pps | seed 5 | 2194/2340
[PASS] INST_3096 | 150 nodes | 50 km/h | 10 flows | 5 pps | seed 1 | 2195/2340
[PASS] INST_3097 | 150 nodes | 50 km/h | 10 flows | 5 pps | seed 2 | 2196/2340
[PASS] INST_3098 | 150 nodes | 50 km/h | 10 flows | 5 pps | seed 3 | 2197/2340
[PASS] INST_3099 | 150 nodes | 50 km/h | 10 flows | 5 pps | seed 4 | 2198/2340
[PASS] INST_3100 | 150 nodes | 50 km/h | 10 flows | 5 pps | seed 5 | 2199/2340
[PASS] INST_3101 | 150 nodes | 50 km/h | 10 flows | 6 pps | seed 1 | 2200/2340
[PASS] INST_3102 | 150 nodes | 50 km/h | 10 flows | 6 pps | seed 2 | 2201/2340
[PASS] INST_3103 | 150 nodes | 50 km/h | 10 flows | 6 pps | seed 3 | 2202/2340
[PASS] INST_3104 | 150 nodes | 50 km/h | 10 flows | 6 pps | seed 4 | 2203/2340
[PASS] INST_3105 | 150 nodes | 50 km/h | 10 flows | 6 pps | seed 5 | 2204/2340
[PASS] INST_3106 | 150 nodes | 50 km/h | 12 flows | 2 pps | seed 1 | 2205/2340
[PASS] INST_3107 | 150 nodes | 50 km/h | 12 flows | 2 pps | seed 2 | 2206/2340
[PASS] INST_3108 | 150 nodes | 50 km/h | 12 flows | 2 pps | seed 3 | 2207/2340
[PASS] INST_3109 | 150 nodes | 50 km/h | 12 flows | 2 pps | seed 4 | 2208/2340
[PASS] INST_3110 | 150 nodes | 50 km/h | 12 flows | 2 pps | seed 5 | 2209/2340
[PASS] INST_3111 | 150 nodes | 50 km/h | 12 flows | 3 pps | seed 1 | 2210/2340
[PASS] INST_3112 | 150 nodes | 50 km/h | 12 flows | 3 pps | seed 2 | 2211/2340
[PASS] INST_3113 | 150 nodes | 50 km/h | 12 flows | 3 pps | seed 3 | 2212/2340
[PASS] INST_3114 | 150 nodes | 50 km/h | 12 flows | 3 pps | seed 4 | 2213/2340
[PASS] INST_3115 | 150 nodes | 50 km/h | 12 flows | 3 pps | seed 5 | 2214/2340
[PASS] INST_3116 | 150 nodes | 50 km/h | 12 flows | 4 pps | seed 1 | 2215/2340
[PASS] INST_3117 | 150 nodes | 50 km/h | 12 flows | 4 pps | seed 2 | 2216/2340
[PASS] INST_3118 | 150 nodes | 50 km/h | 12 flows | 4 pps | seed 3 | 2217/2340
[PASS] INST_3119 | 150 nodes | 50 km/h | 12 flows | 4 pps | seed 4 | 2218/2340
[PASS] INST_3120 | 150 nodes | 50 km/h | 12 flows | 4 pps | seed 5 | 2219/2340
[PASS] INST_3121 | 150 nodes | 50 km/h | 12 flows | 5 pps | seed 1 | 2220/2340
[PASS] INST_3122 | 150 nodes | 50 km/h | 12 flows | 5 pps | seed 2 | 2221/2340
[PASS] INST_3123 | 150 nodes | 50 km/h | 12 flows | 5 pps | seed 3 | 2222/2340
[PASS] INST_3124 | 150 nodes | 50 km/h | 12 flows | 5 pps | seed 4 | 2223/2340
[PASS] INST_3125 | 150 nodes | 50 km/h | 12 flows | 5 pps | seed 5 | 2224/2340
[PASS] INST_3126 | 150 nodes | 50 km/h | 12 flows | 6 pps | seed 1 | 2225/2340
[PASS] INST_3127 | 150 nodes | 50 km/h | 12 flows | 6 pps | seed 2 | 2226/2340
[PASS] INST_3128 | 150 nodes | 50 km/h | 12 flows | 6 pps | seed 3 | 2227/2340
[PASS] INST_3129 | 150 nodes | 50 km/h | 12 flows | 6 pps | seed 4 | 2228/2340
[PASS] INST_3130 | 150 nodes | 50 km/h | 12 flows | 6 pps | seed 5 | 2229/2340
[PASS] INST_3131 | 150 nodes | 50 km/h | 12 flows | 8 pps | seed 1 | 2230/2340
[PASS] INST_3132 | 150 nodes | 50 km/h | 12 flows | 8 pps | seed 2 | 2231/2340
[PASS] INST_3133 | 150 nodes | 50 km/h | 12 flows | 8 pps | seed 3 | 2232/2340
[PASS] INST_3134 | 150 nodes | 50 km/h | 12 flows | 8 pps | seed 4 | 2233/2340
[PASS] INST_3135 | 150 nodes | 50 km/h | 12 flows | 8 pps | seed 5 | 2234/2340
[PASS] INST_3136 | 150 nodes | 50 km/h | 15 flows | 3 pps | seed 1 | 2235/2340
[PASS] INST_3137 | 150 nodes | 50 km/h | 15 flows | 3 pps | seed 2 | 2236/2340
[PASS] INST_3138 | 150 nodes | 50 km/h | 15 flows | 3 pps | seed 3 | 2237/2340
[PASS] INST_3139 | 150 nodes | 50 km/h | 15 flows | 3 pps | seed 4 | 2238/2340
[PASS] INST_3140 | 150 nodes | 50 km/h | 15 flows | 3 pps | seed 5 | 2239/2340
[PASS] INST_3141 | 150 nodes | 50 km/h | 15 flows | 5 pps | seed 1 | 2240/2340
[PASS] INST_3142 | 150 nodes | 50 km/h | 15 flows | 5 pps | seed 2 | 2241/2340
[PASS] INST_3143 | 150 nodes | 50 km/h | 15 flows | 5 pps | seed 3 | 2242/2340
[PASS] INST_3144 | 150 nodes | 50 km/h | 15 flows | 5 pps | seed 4 | 2243/2340
[PASS] INST_3145 | 150 nodes | 50 km/h | 15 flows | 5 pps | seed 5 | 2244/2340
[PASS] INST_3146 | 150 nodes | 50 km/h | 15 flows | 6 pps | seed 1 | 2245/2340
[PASS] INST_3147 | 150 nodes | 50 km/h | 15 flows | 6 pps | seed 2 | 2246/2340
[PASS] INST_3148 | 150 nodes | 50 km/h | 15 flows | 6 pps | seed 3 | 2247/2340
[PASS] INST_3149 | 150 nodes | 50 km/h | 15 flows | 6 pps | seed 4 | 2248/2340
[PASS] INST_3150 | 150 nodes | 50 km/h | 15 flows | 6 pps | seed 5 | 2249/2340
[PASS] INST_3151 | 150 nodes | 50 km/h | 18 flows | 2 pps | seed 1 | 2250/2340
[PASS] INST_3152 | 150 nodes | 50 km/h | 18 flows | 2 pps | seed 2 | 2251/2340
[PASS] INST_3153 | 150 nodes | 50 km/h | 18 flows | 2 pps | seed 3 | 2252/2340
[PASS] INST_3154 | 150 nodes | 50 km/h | 18 flows | 2 pps | seed 4 | 2253/2340
[PASS] INST_3155 | 150 nodes | 50 km/h | 18 flows | 2 pps | seed 5 | 2254/2340
[PASS] INST_3156 | 150 nodes | 50 km/h | 18 flows | 3 pps | seed 1 | 2255/2340
[PASS] INST_3157 | 150 nodes | 50 km/h | 18 flows | 3 pps | seed 2 | 2256/2340
[PASS] INST_3158 | 150 nodes | 50 km/h | 18 flows | 3 pps | seed 3 | 2257/2340
[PASS] INST_3159 | 150 nodes | 50 km/h | 18 flows | 3 pps | seed 4 | 2258/2340
[PASS] INST_3160 | 150 nodes | 50 km/h | 18 flows | 3 pps | seed 5 | 2259/2340
[PASS] INST_3161 | 150 nodes | 50 km/h | 18 flows | 4 pps | seed 1 | 2260/2340
[PASS] INST_3162 | 150 nodes | 50 km/h | 18 flows | 4 pps | seed 2 | 2261/2340
[PASS] INST_3163 | 150 nodes | 50 km/h | 18 flows | 4 pps | seed 3 | 2262/2340
[PASS] INST_3164 | 150 nodes | 50 km/h | 18 flows | 4 pps | seed 4 | 2263/2340
[PASS] INST_3165 | 150 nodes | 50 km/h | 18 flows | 4 pps | seed 5 | 2264/2340
[PASS] INST_3166 | 150 nodes | 50 km/h | 18 flows | 5 pps | seed 1 | 2265/2340
[PASS] INST_3167 | 150 nodes | 50 km/h | 18 flows | 5 pps | seed 2 | 2266/2340
[PASS] INST_3168 | 150 nodes | 50 km/h | 18 flows | 5 pps | seed 3 | 2267/2340
[PASS] INST_3169 | 150 nodes | 50 km/h | 18 flows | 5 pps | seed 4 | 2268/2340
[PASS] INST_3170 | 150 nodes | 50 km/h | 18 flows | 5 pps | seed 5 | 2269/2340
[PASS] INST_3171 | 150 nodes | 50 km/h | 18 flows | 6 pps | seed 1 | 2270/2340
[PASS] INST_3172 | 150 nodes | 50 km/h | 18 flows | 6 pps | seed 2 | 2271/2340
[PASS] INST_3173 | 150 nodes | 50 km/h | 18 flows | 6 pps | seed 3 | 2272/2340
[PASS] INST_3174 | 150 nodes | 50 km/h | 18 flows | 6 pps | seed 4 | 2273/2340
[PASS] INST_3175 | 150 nodes | 50 km/h | 18 flows | 6 pps | seed 5 | 2274/2340
[PASS] INST_3176 | 150 nodes | 50 km/h | 18 flows | 8 pps | seed 1 | 2275/2340
[PASS] INST_3178 | 150 nodes | 50 km/h | 18 flows | 8 pps | seed 3 | 2276/2340
[PASS] INST_3177 | 150 nodes | 50 km/h | 18 flows | 8 pps | seed 2 | 2277/2340
[PASS] INST_3179 | 150 nodes | 50 km/h | 18 flows | 8 pps | seed 4 | 2278/2340
[PASS] INST_3180 | 150 nodes | 50 km/h | 18 flows | 8 pps | seed 5 | 2279/2340
[PASS] INST_3181 | 150 nodes | 50 km/h | 20 flows | 3 pps | seed 1 | 2280/2340
[PASS] INST_3182 | 150 nodes | 50 km/h | 20 flows | 3 pps | seed 2 | 2281/2340
[PASS] INST_3183 | 150 nodes | 50 km/h | 20 flows | 3 pps | seed 3 | 2282/2340
[PASS] INST_3184 | 150 nodes | 50 km/h | 20 flows | 3 pps | seed 4 | 2283/2340
[PASS] INST_3185 | 150 nodes | 50 km/h | 20 flows | 3 pps | seed 5 | 2284/2340
[PASS] INST_3186 | 150 nodes | 50 km/h | 20 flows | 5 pps | seed 1 | 2285/2340
[PASS] INST_3187 | 150 nodes | 50 km/h | 20 flows | 5 pps | seed 2 | 2286/2340
[PASS] INST_3188 | 150 nodes | 50 km/h | 20 flows | 5 pps | seed 3 | 2287/2340
[PASS] INST_3189 | 150 nodes | 50 km/h | 20 flows | 5 pps | seed 4 | 2288/2340
[PASS] INST_3190 | 150 nodes | 50 km/h | 20 flows | 5 pps | seed 5 | 2289/2340
[PASS] INST_3191 | 150 nodes | 50 km/h | 20 flows | 6 pps | seed 1 | 2290/2340
[PASS] INST_3192 | 150 nodes | 50 km/h | 20 flows | 6 pps | seed 2 | 2291/2340
[PASS] INST_3193 | 150 nodes | 50 km/h | 20 flows | 6 pps | seed 3 | 2292/2340
[PASS] INST_3194 | 150 nodes | 50 km/h | 20 flows | 6 pps | seed 4 | 2293/2340
[PASS] INST_3196 | 150 nodes | 50 km/h | 22 flows | 2 pps | seed 1 | 2294/2340
[PASS] INST_3195 | 150 nodes | 50 km/h | 20 flows | 6 pps | seed 5 | 2295/2340
[PASS] INST_3197 | 150 nodes | 50 km/h | 22 flows | 2 pps | seed 2 | 2296/2340
[PASS] INST_3198 | 150 nodes | 50 km/h | 22 flows | 2 pps | seed 3 | 2297/2340
[PASS] INST_3199 | 150 nodes | 50 km/h | 22 flows | 2 pps | seed 4 | 2298/2340
[PASS] INST_3200 | 150 nodes | 50 km/h | 22 flows | 2 pps | seed 5 | 2299/2340
[PASS] INST_3201 | 150 nodes | 50 km/h | 22 flows | 3 pps | seed 1 | 2300/2340
[PASS] INST_3202 | 150 nodes | 50 km/h | 22 flows | 3 pps | seed 2 | 2301/2340
[PASS] INST_3203 | 150 nodes | 50 km/h | 22 flows | 3 pps | seed 3 | 2302/2340
[PASS] INST_3204 | 150 nodes | 50 km/h | 22 flows | 3 pps | seed 4 | 2303/2340
[PASS] INST_3205 | 150 nodes | 50 km/h | 22 flows | 3 pps | seed 5 | 2304/2340
[PASS] INST_3206 | 150 nodes | 50 km/h | 22 flows | 4 pps | seed 1 | 2305/2340
[PASS] INST_3207 | 150 nodes | 50 km/h | 22 flows | 4 pps | seed 2 | 2306/2340
[PASS] INST_3208 | 150 nodes | 50 km/h | 22 flows | 4 pps | seed 3 | 2307/2340
[PASS] INST_3209 | 150 nodes | 50 km/h | 22 flows | 4 pps | seed 4 | 2308/2340
[PASS] INST_3210 | 150 nodes | 50 km/h | 22 flows | 4 pps | seed 5 | 2309/2340
[PASS] INST_3211 | 150 nodes | 50 km/h | 22 flows | 5 pps | seed 1 | 2310/2340
[PASS] INST_3212 | 150 nodes | 50 km/h | 22 flows | 5 pps | seed 2 | 2311/2340
[PASS] INST_3213 | 150 nodes | 50 km/h | 22 flows | 5 pps | seed 3 | 2312/2340
[PASS] INST_3214 | 150 nodes | 50 km/h | 22 flows | 5 pps | seed 4 | 2313/2340
[PASS] INST_3215 | 150 nodes | 50 km/h | 22 flows | 5 pps | seed 5 | 2314/2340
[PASS] INST_3216 | 150 nodes | 50 km/h | 22 flows | 6 pps | seed 1 | 2315/2340
[PASS] INST_3217 | 150 nodes | 50 km/h | 22 flows | 6 pps | seed 2 | 2316/2340
[PASS] INST_3218 | 150 nodes | 50 km/h | 22 flows | 6 pps | seed 3 | 2317/2340
[PASS] INST_3219 | 150 nodes | 50 km/h | 22 flows | 6 pps | seed 4 | 2318/2340
[PASS] INST_3220 | 150 nodes | 50 km/h | 22 flows | 6 pps | seed 5 | 2319/2340
[PASS] INST_3221 | 150 nodes | 50 km/h | 22 flows | 8 pps | seed 1 | 2320/2340
[PASS] INST_3222 | 150 nodes | 50 km/h | 22 flows | 8 pps | seed 2 | 2321/2340
[PASS] INST_3223 | 150 nodes | 50 km/h | 22 flows | 8 pps | seed 3 | 2322/2340
[PASS] INST_3224 | 150 nodes | 50 km/h | 22 flows | 8 pps | seed 4 | 2323/2340
[PASS] INST_3225 | 150 nodes | 50 km/h | 22 flows | 8 pps | seed 5 | 2324/2340
[PASS] INST_3226 | 150 nodes | 50 km/h | 25 flows | 3 pps | seed 1 | 2325/2340
[PASS] INST_3227 | 150 nodes | 50 km/h | 25 flows | 3 pps | seed 2 | 2326/2340
[PASS] INST_3228 | 150 nodes | 50 km/h | 25 flows | 3 pps | seed 3 | 2327/2340
[PASS] INST_3229 | 150 nodes | 50 km/h | 25 flows | 3 pps | seed 4 | 2328/2340
[PASS] INST_3230 | 150 nodes | 50 km/h | 25 flows | 3 pps | seed 5 | 2329/2340
[PASS] INST_3231 | 150 nodes | 50 km/h | 25 flows | 5 pps | seed 1 | 2330/2340
[PASS] INST_3232 | 150 nodes | 50 km/h | 25 flows | 5 pps | seed 2 | 2331/2340
[PASS] INST_3233 | 150 nodes | 50 km/h | 25 flows | 5 pps | seed 3 | 2332/2340
[PASS] INST_3234 | 150 nodes | 50 km/h | 25 flows | 5 pps | seed 4 | 2333/2340
[PASS] INST_3235 | 150 nodes | 50 km/h | 25 flows | 5 pps | seed 5 | 2334/2340
[PASS] INST_3236 | 150 nodes | 50 km/h | 25 flows | 6 pps | seed 1 | 2335/2340
[PASS] INST_3237 | 150 nodes | 50 km/h | 25 flows | 6 pps | seed 2 | 2336/2340
[PASS] INST_3238 | 150 nodes | 50 km/h | 25 flows | 6 pps | seed 3 | 2337/2340
[PASS] INST_3239 | 150 nodes | 50 km/h | 25 flows | 6 pps | seed 4 | 2338/2340
[PASS] INST_3240 | 150 nodes | 50 km/h | 25 flows | 6 pps | seed 5 | 2339/2340

==============================================================================
EXPANDED VANET DATASET STATUS
==============================================================================
Target unique conditions : 648
Old locked conditions    : 180
New conditions           : 468
Old locked runs          : 2700
New completed instances  : 2339 / 2340
New completed runs       : 7017 / 7020
New remaining instances  : 1
Pending failures         : 1
New progress             : 99.96%
Overall completed runs   : 9717 / 9720
Manifest                 : /home/shovon/Documents/VANET_Project/FINAL_VANET_1000x1000/04_NS2/expanded_new_experiment_manifest.csv
New checkpoint           : /home/shovon/Documents/VANET_Project/FINAL_VANET_1000x1000/06_RESULTS/expanded_new_qos_progress.csv
==============================================================================
